../Core/Src/main.c:99:5:main	16	static
../Core/Src/main.c:204:6:SystemClock_Config	88	static
../Core/Src/main.c:252:13:MX_I2C1_Init	8	static
../Core/Src/main.c:286:13:MX_TIM1_Init	80	static
../Core/Src/main.c:351:13:MX_USART2_UART_Init	8	static
../Core/Src/main.c:382:13:MX_DMA_Init	16	static
../Core/Src/main.c:400:13:MX_GPIO_Init	40	static
../Core/Src/main.c:464:6:showDisplay	88	static
../Core/Src/main.c:472:6:HAL_GPIO_EXTI_Callback	24	static
../Core/Src/main.c:511:6:HAL_I2C_ListenCpltCallback	40	static
../Core/Src/main.c:534:6:HAL_I2C_SlaveTxCpltCallback	16	static
../Core/Src/main.c:536:6:HAL_I2C_SlaveRxCpltCallback	16	static
../Core/Src/main.c:539:6:HAL_I2C_AddrCallback	16	static
../Core/Src/main.c:553:6:HAL_I2C_ErrorCallback	16	static
../Core/Src/main.c:566:6:Error_Handler	4	static,ignoring_inline_asm
