Archive member included to satisfy reference by file (symbol)

C:/ST/STM32CubeIDE_1.18.1/STM32CubeIDE/plugins/com.st.stm32cube.ide.mcu.externaltools.gnu-tools-for-stm32.13.3.rel1.win32_1.0.0.202411081344/tools/bin/../lib/gcc/arm-none-eabi/13.3.1/../../../../arm-none-eabi/lib/thumb/v7e-m+fp/hard\libc_nano.a(libc_a-exit.o)
                              C:/ST/STM32CubeIDE_1.18.1/STM32CubeIDE/plugins/com.st.stm32cube.ide.mcu.externaltools.gnu-tools-for-stm32.13.3.rel1.win32_1.0.0.202411081344/tools/bin/../lib/gcc/arm-none-eabi/13.3.1/../../../../arm-none-eabi/lib/thumb/v7e-m+fp/hard/crt0.o (exit)
C:/ST/STM32CubeIDE_1.18.1/STM32CubeIDE/plugins/com.st.stm32cube.ide.mcu.externaltools.gnu-tools-for-stm32.13.3.rel1.win32_1.0.0.202411081344/tools/bin/../lib/gcc/arm-none-eabi/13.3.1/../../../../arm-none-eabi/lib/thumb/v7e-m+fp/hard\libc_nano.a(libc_a-findfp.o)
                              C:/ST/STM32CubeIDE_1.18.1/STM32CubeIDE/plugins/com.st.stm32cube.ide.mcu.externaltools.gnu-tools-for-stm32.13.3.rel1.win32_1.0.0.202411081344/tools/bin/../lib/gcc/arm-none-eabi/13.3.1/../../../../arm-none-eabi/lib/thumb/v7e-m+fp/hard\libc_nano.a(libc_a-exit.o) (__stdio_exit_handler)
C:/ST/STM32CubeIDE_1.18.1/STM32CubeIDE/plugins/com.st.stm32cube.ide.mcu.externaltools.gnu-tools-for-stm32.13.3.rel1.win32_1.0.0.202411081344/tools/bin/../lib/gcc/arm-none-eabi/13.3.1/../../../../arm-none-eabi/lib/thumb/v7e-m+fp/hard\libc_nano.a(libc_a-fwalk.o)
                              C:/ST/STM32CubeIDE_1.18.1/STM32CubeIDE/plugins/com.st.stm32cube.ide.mcu.externaltools.gnu-tools-for-stm32.13.3.rel1.win32_1.0.0.202411081344/tools/bin/../lib/gcc/arm-none-eabi/13.3.1/../../../../arm-none-eabi/lib/thumb/v7e-m+fp/hard\libc_nano.a(libc_a-findfp.o) (_fwalk_sglue)
C:/ST/STM32CubeIDE_1.18.1/STM32CubeIDE/plugins/com.st.stm32cube.ide.mcu.externaltools.gnu-tools-for-stm32.13.3.rel1.win32_1.0.0.202411081344/tools/bin/../lib/gcc/arm-none-eabi/13.3.1/../../../../arm-none-eabi/lib/thumb/v7e-m+fp/hard\libc_nano.a(libc_a-stdio.o)
                              C:/ST/STM32CubeIDE_1.18.1/STM32CubeIDE/plugins/com.st.stm32cube.ide.mcu.externaltools.gnu-tools-for-stm32.13.3.rel1.win32_1.0.0.202411081344/tools/bin/../lib/gcc/arm-none-eabi/13.3.1/../../../../arm-none-eabi/lib/thumb/v7e-m+fp/hard\libc_nano.a(libc_a-findfp.o) (__sread)
C:/ST/STM32CubeIDE_1.18.1/STM32CubeIDE/plugins/com.st.stm32cube.ide.mcu.externaltools.gnu-tools-for-stm32.13.3.rel1.win32_1.0.0.202411081344/tools/bin/../lib/gcc/arm-none-eabi/13.3.1/../../../../arm-none-eabi/lib/thumb/v7e-m+fp/hard\libc_nano.a(libc_a-memset.o)
                              C:/ST/STM32CubeIDE_1.18.1/STM32CubeIDE/plugins/com.st.stm32cube.ide.mcu.externaltools.gnu-tools-for-stm32.13.3.rel1.win32_1.0.0.202411081344/tools/bin/../lib/gcc/arm-none-eabi/13.3.1/../../../../arm-none-eabi/lib/thumb/v7e-m+fp/hard/crt0.o (memset)
C:/ST/STM32CubeIDE_1.18.1/STM32CubeIDE/plugins/com.st.stm32cube.ide.mcu.externaltools.gnu-tools-for-stm32.13.3.rel1.win32_1.0.0.202411081344/tools/bin/../lib/gcc/arm-none-eabi/13.3.1/../../../../arm-none-eabi/lib/thumb/v7e-m+fp/hard\libc_nano.a(libc_a-closer.o)
                              C:/ST/STM32CubeIDE_1.18.1/STM32CubeIDE/plugins/com.st.stm32cube.ide.mcu.externaltools.gnu-tools-for-stm32.13.3.rel1.win32_1.0.0.202411081344/tools/bin/../lib/gcc/arm-none-eabi/13.3.1/../../../../arm-none-eabi/lib/thumb/v7e-m+fp/hard\libc_nano.a(libc_a-stdio.o) (_close_r)
C:/ST/STM32CubeIDE_1.18.1/STM32CubeIDE/plugins/com.st.stm32cube.ide.mcu.externaltools.gnu-tools-for-stm32.13.3.rel1.win32_1.0.0.202411081344/tools/bin/../lib/gcc/arm-none-eabi/13.3.1/../../../../arm-none-eabi/lib/thumb/v7e-m+fp/hard\libc_nano.a(libc_a-reent.o)
                              C:/ST/STM32CubeIDE_1.18.1/STM32CubeIDE/plugins/com.st.stm32cube.ide.mcu.externaltools.gnu-tools-for-stm32.13.3.rel1.win32_1.0.0.202411081344/tools/bin/../lib/gcc/arm-none-eabi/13.3.1/../../../../arm-none-eabi/lib/thumb/v7e-m+fp/hard\libc_nano.a(libc_a-closer.o) (errno)
C:/ST/STM32CubeIDE_1.18.1/STM32CubeIDE/plugins/com.st.stm32cube.ide.mcu.externaltools.gnu-tools-for-stm32.13.3.rel1.win32_1.0.0.202411081344/tools/bin/../lib/gcc/arm-none-eabi/13.3.1/../../../../arm-none-eabi/lib/thumb/v7e-m+fp/hard\libc_nano.a(libc_a-impure.o)
                              C:/ST/STM32CubeIDE_1.18.1/STM32CubeIDE/plugins/com.st.stm32cube.ide.mcu.externaltools.gnu-tools-for-stm32.13.3.rel1.win32_1.0.0.202411081344/tools/bin/../lib/gcc/arm-none-eabi/13.3.1/../../../../arm-none-eabi/lib/thumb/v7e-m+fp/hard\libc_nano.a(libc_a-reent.o) (_impure_ptr)
C:/ST/STM32CubeIDE_1.18.1/STM32CubeIDE/plugins/com.st.stm32cube.ide.mcu.externaltools.gnu-tools-for-stm32.13.3.rel1.win32_1.0.0.202411081344/tools/bin/../lib/gcc/arm-none-eabi/13.3.1/../../../../arm-none-eabi/lib/thumb/v7e-m+fp/hard\libc_nano.a(libc_a-lseekr.o)
[...]
Memory Configuration

Name             Origin             Length             Attributes
RAM              0x20000000         0x00020000         xrw
FLASH            0x08000000         0x00080000         xr
*default*        0x00000000         0xffffffff

Linker script and memory map

LOAD C:/ST/STM32CubeIDE_1.18.1/STM32CubeIDE/plugins/com.st.stm32cube.ide.mcu.externaltools.gnu-tools-for-stm32.13.3.rel1.win32_1.0.0.202411081344/tools/bin/../lib/gcc/arm-none-eabi/13.3.1/thumb/v7e-m+fp/hard/crti.o
LOAD C:/ST/STM32CubeIDE_1.18.1/STM32CubeIDE/plugins/com.st.stm32cube.ide.mcu.externaltools.gnu-tools-for-stm32.13.3.rel1.win32_1.0.0.202411081344/tools/bin/../lib/gcc/arm-none-eabi/13.3.1/thumb/v7e-m+fp/hard/crtbegin.o
LOAD C:/ST/STM32CubeIDE_1.18.1/STM32CubeIDE/plugins/com.st.stm32cube.ide.mcu.externaltools.gnu-tools-for-stm32.13.3.rel1.win32_1.0.0.202411081344/tools/bin/../lib/gcc/arm-none-eabi/13.3.1/../../../../arm-none-eabi/lib/thumb/v7e-m+fp/hard/crt0.o
LOAD ./Core/Src/fatfs_sd.o
LOAD ./Core/Src/font.o
LOAD ./Core/Src/graficos.o
LOAD ./Core/Src/ili9341.o
LOAD ./Core/Src/main.o
LOAD ./Core/Src/stm32f4xx_hal_msp.o
LOAD ./Core/Src/stm32f4xx_it.o
LOAD ./Core/Src/syscalls.o
LOAD ./Core/Src/sysmem.o
LOAD ./Core/Src/system_stm32f4xx.o
LOAD ./Core/Startup/startup_stm32f446retx.o
LOAD ./Drivers/STM32F4xx_HAL_Driver/Src/stm32f4xx_hal.o
LOAD ./Drivers/STM32F4xx_HAL_Driver/Src/stm32f4xx_hal_cortex.o
LOAD ./Drivers/STM32F4xx_HAL_Driver/Src/stm32f4xx_hal_dma.o
LOAD ./Drivers/STM32F4xx_HAL_Driver/Src/stm32f4xx_hal_dma_ex.o
LOAD ./Drivers/STM32F4xx_HAL_Driver/Src/stm32f4xx_hal_exti.o
LOAD ./Drivers/STM32F4xx_HAL_Driver/Src/stm32f4xx_hal_flash.o
LOAD ./Drivers/STM32F4xx_HAL_Driver/Src/stm32f4xx_hal_flash_ex.o
LOAD ./Drivers/STM32F4xx_HAL_Driver/Src/stm32f4xx_hal_flash_ramfunc.o
LOAD ./Drivers/STM32F4xx_HAL_Driver/Src/stm32f4xx_hal_gpio.o
LOAD ./Drivers/STM32F4xx_HAL_Driver/Src/stm32f4xx_hal_i2c.o
LOAD ./Drivers/STM32F4xx_HAL_Driver/Src/stm32f4xx_hal_i2c_ex.o
LOAD ./Drivers/STM32F4xx_HAL_Driver/Src/stm32f4xx_hal_pwr.o
LOAD ./Drivers/STM32F4xx_HAL_Driver/Src/stm32f4xx_hal_pwr_ex.o
LOAD ./Drivers/STM32F4xx_HAL_Driver/Src/stm32f4xx_hal_rcc.o
LOAD ./Drivers/STM32F4xx_HAL_Driver/Src/stm32f4xx_hal_rcc_ex.o
LOAD ./Drivers/STM32F4xx_HAL_Driver/Src/stm32f4xx_hal_spi.o
LOAD ./Drivers/STM32F4xx_HAL_Driver/Src/stm32f4xx_hal_uart.o
LOAD ./FATFS/App/fatfs.o
LOAD ./FATFS/Target/user_diskio.o
LOAD ./Middlewares/Third_Party/FatFs/src/diskio.o
LOAD ./Middlewares/Third_Party/FatFs/src/ff.o
LOAD ./Middlewares/Third_Party/FatFs/src/ff_gen_drv.o
LOAD ./Middlewares/Third_Party/FatFs/src/option/ccsbcs.o
LOAD ./Middlewares/Third_Party/FatFs/src/option/syscall.o
START GROUP
LOAD C:/ST/STM32CubeIDE_1.18.1/STM32CubeIDE/plugins/com.st.stm32cube.ide.mcu.externaltools.gnu-tools-for-stm32.13.3.rel1.win32_1.0.0.202411081344/tools/bin/../lib/gcc/arm-none-eabi/13.3.1/../../../../arm-none-eabi/lib/thumb/v7e-m+fp/hard\libc_nano.a
LOAD C:/ST/STM32CubeIDE_1.18.1/STM32CubeIDE/plugins/com.st.stm32cube.ide.mcu.externaltools.gnu-tools-for-stm32.13.3.rel1.win32_1.0.0.202411081344/tools/bin/../lib/gcc/arm-none-eabi/13.3.1/../../../../arm-none-eabi/lib/thumb/v7e-m+fp/hard\libm.a
END GROUP
START GROUP
LOAD C:/ST/STM32CubeIDE_1.18.1/STM32CubeIDE/plugins/com.st.stm32cube.ide.mcu.externaltools.gnu-tools-for-stm32.13.3.rel1.win32_1.0.0.202411081344/tools/bin/../lib/gcc/arm-none-eabi/13.3.1/thumb/v7e-m+fp/hard\libgcc.a
LOAD C:/ST/STM32CubeIDE_1.18.1/STM32CubeIDE/plugins/com.st.stm32cube.ide.mcu.externaltools.gnu-tools-for-stm32.13.3.rel1.win32_1.0.0.202411081344/tools/bin/../lib/gcc/arm-none-eabi/13.3.1/../../../../arm-none-eabi/lib/thumb/v7e-m+fp/hard\libc_nano.a
END GROUP
START GROUP
LOAD C:/ST/STM32CubeIDE_1.18.1/STM32CubeIDE/plugins/com.st.stm32cube.ide.mcu.externaltools.gnu-tools-for-stm32.13.3.rel1.win32_1.0.0.202411081344/tools/bin/../lib/gcc/arm-none-eabi/13.3.1/thumb/v7e-m+fp/hard\libgcc.a
LOAD C:/ST/STM32CubeIDE_1.18.1/STM32CubeIDE/plugins/com.st.stm32cube.ide.mcu.externaltools.gnu-tools-for-stm32.13.3.rel1.win32_1.0.0.202411081344/tools/bin/../lib/gcc/arm-none-eabi/13.3.1/../../../../arm-none-eabi/lib/thumb/v7e-m+fp/hard\libc_nano.a
LOAD C:/ST/STM32CubeIDE_1.18.1/STM32CubeIDE/plugins/com.st.stm32cube.ide.mcu.externaltools.gnu-tools-for-stm32.13.3.rel1.win32_1.0.0.202411081344/tools/bin/../lib/gcc/arm-none-eabi/13.3.1/../../../../arm-none-eabi/lib/thumb/v7e-m+fp/hard\libnosys.a
END GROUP
START GROUP
LOAD C:/ST/STM32CubeIDE_1.18.1/STM32CubeIDE/plugins/com.st.stm32cube.ide.mcu.externaltools.gnu-tools-for-stm32.13.3.rel1.win32_1.0.0.202411081344/tools/bin/../lib/gcc/arm-none-eabi/13.3.1/thumb/v7e-m+fp/hard\libgcc.a
LOAD C:/ST/STM32CubeIDE_1.18.1/STM32CubeIDE/plugins/com.st.stm32cube.ide.mcu.externaltools.gnu-tools-for-stm32.13.3.rel1.win32_1.0.0.202411081344/tools/bin/../lib/gcc/arm-none-eabi/13.3.1/../../../../arm-none-eabi/lib/thumb/v7e-m+fp/hard\libc_nano.a
LOAD C:/ST/STM32CubeIDE_1.18.1/STM32CubeIDE/plugins/com.st.stm32cube.ide.mcu.externaltools.gnu-tools-for-stm32.13.3.rel1.win32_1.0.0.202411081344/tools/bin/../lib/gcc/arm-none-eabi/13.3.1/../../../../arm-none-eabi/lib/thumb/v7e-m+fp/hard\libnosys.a
END GROUP
LOAD C:/ST/STM32CubeIDE_1.18.1/STM32CubeIDE/plugins/com.st.stm32cube.ide.mcu.externaltools.gnu-tools-for-stm32.13.3.rel1.win32_1.0.0.202411081344/tools/bin/../lib/gcc/arm-none-eabi/13.3.1/thumb/v7e-m+fp/hard/crtend.o
LOAD C:/ST/STM32CubeIDE_1.18.1/STM32CubeIDE/plugins/com.st.stm32cube.ide.mcu.externaltools.gnu-tools-for-stm32.13.3.rel1.win32_1.0.0.202411081344/tools/bin/../lib/gcc/arm-none-eabi/13.3.1/thumb/v7e-m+fp/hard/crtn.o
                0x20020000                        _estack = (ORIGIN (RAM) + LENGTH (RAM))
                0x00000200                        _Min_Heap_Size = 0x200
                0x00000400                        _Min_Stack_Size = 0x400

.isr_vector     0x08000000      0x1c4
                0x08000000                        . = ALIGN (0x4)
 *(.isr_vector)
 .isr_vector    0x08000000      0x1c4 ./Core/Startup/startup_stm32f446retx.o
                0x08000000                g_pfnVectors
                0x080001c4                        . = ALIGN (0x4)

.text           0x080001c4     0xa3b0
                0x080001c4                        . = ALIGN (0x4)
 *(.text)
 .text          0x080001c4       0x40 C:/ST/STM32CubeIDE_1.18.1/STM32CubeIDE/plugins/com.st.stm32cube.ide.mcu.externaltools.gnu-tools-for-stm32.13.3.rel1.win32_1.0.0.202411081344/tools/bin/../lib/gcc/arm-none-eabi/13.3.1/thumb/v7e-m+fp/hard/crtbegin.o
 .text          0x08000204       0x10 C:/ST/STM32CubeIDE_1.18.1/STM32CubeIDE/plugins/com.st.stm32cube.ide.mcu.externaltools.gnu-tools-for-stm32.13.3.rel1.win32_1.0.0.202411081344/tools/bin/../lib/gcc/arm-none-eabi/13.3.1/../../../../arm-none-eabi/lib/thumb/v7e-m+fp/hard\libc_nano.a(libc_a-strlen.o)
                0x08000204                strlen
 .text          0x08000214       0x30 C:/ST/STM32CubeIDE_1.18.1/STM32CubeIDE/plugins/com.st.stm32cube.ide.mcu.externaltools.gnu-tools-for-stm32.13.3.rel1.win32_1.0.0.202411081344/tools/bin/../lib/gcc/arm-none-eabi/13.3.1/thumb/v7e-m+fp/hard\libgcc.a(_aeabi_uldivmod.o)
                0x08000214                __aeabi_uldivmod
 .text          0x08000244      0x2f8 C:/ST/STM32CubeIDE_1.18.1/STM32CubeIDE/plugins/com.st.stm32cube.ide.mcu.externaltools.gnu-tools-for-stm32.13.3.rel1.win32_1.0.0.202411081344/tools/bin/../lib/gcc/arm-none-eabi/13.3.1/thumb/v7e-m+fp/hard\libgcc.a(_udivmoddi4.o)
                0x08000244                __udivmoddi4
 .text          0x0800053c        0x4 C:/ST/STM32CubeIDE_1.18.1/STM32CubeIDE/plugins/com.st.stm32cube.ide.mcu.externaltools.gnu-tools-for-stm32.13.3.rel1.win32_1.0.0.202411081344/tools/bin/../lib/gcc/arm-none-eabi/13.3.1/thumb/v7e-m+fp/hard\libgcc.a(_dvmd_tls.o)
                0x0800053c                __aeabi_idiv0
                0x0800053c                __aeabi_ldiv0
 *(.text*)
 .text.SELECT   0x08000540       0x1c ./Core/Src/fatfs_sd.o
 .text.DESELECT
                0x0800055c       0x1c ./Core/Src/fatfs_sd.o
 .text.SPI_TxByte
                0x08000578       0x34 ./Core/Src/fatfs_sd.o
 .text.SPI_TxBuffer
                0x080005ac       0x34 ./Core/Src/fatfs_sd.o
 .text.SPI_RxByte
                0x080005e0       0x38 ./Core/Src/fatfs_sd.o
 .text.SPI_RxBytePtr
                0x08000618       0x1c ./Core/Src/fatfs_sd.o
 .text.SD_ReadyWait
                0x08000634       0x34 ./Core/Src/fatfs_sd.o
 .text.SD_PowerOn
                0x08000668       0x84 ./Core/Src/fatfs_sd.o
 .text.SD_PowerOff
                0x080006ec       0x18 ./Core/Src/fatfs_sd.o
 .text.SD_CheckPower
                0x08000704       0x18 ./Core/Src/fatfs_sd.o
 .text.SD_RxDataBlock
                0x0800071c       0x5c ./Core/Src/fatfs_sd.o
 .text.SD_TxDataBlock
                0x08000778       0x86 ./Core/Src/fatfs_sd.o
 .text.SD_SendCmd
                0x080007fe       0xa8 ./Core/Src/fatfs_sd.o
 *fill*         0x080008a6        0x2 
 .text.SD_disk_initialize
                0x080008a8      0x1cc ./Core/Src/fatfs_sd.o
                0x080008a8                SD_disk_initialize
 .text.SD_disk_status
                0x08000a74       0x2c ./Core/Src/fatfs_sd.o
                0x08000a74                SD_disk_status
 .text.SD_disk_read
                0x08000aa0       0xd4 ./Core/Src/fatfs_sd.o
                0x08000aa0                SD_disk_read
 .text.SD_disk_write
                0x08000b74      0x108 ./Core/Src/fatfs_sd.o
                0x08000b74                SD_disk_write
 .text.SD_disk_ioctl
                0x08000c7c      0x254 ./Core/Src/fatfs_sd.o
                0x08000c7c                SD_disk_ioctl
 .text.LCD_Init
                0x08000ed0      0x1f8 ./Core/Src/ili9341.o
                0x08000ed0                LCD_Init
 .text.LCD_CMD  0x080010c8       0x74 ./Core/Src/ili9341.o
                0x080010c8                LCD_CMD
 .text.LCD_DATA
                0x0800113c       0x74 ./Core/Src/ili9341.o
                0x0800113c                LCD_DATA
 .text.SetWindows
                0x080011b0       0x80 ./Core/Src/ili9341.o
                0x080011b0                SetWindows
 .text.LCD_Clear
                0x08001230       0x88 ./Core/Src/ili9341.o
                0x08001230                LCD_Clear
 .text.LCD_Print
                0x080012b8      0x1d8 ./Core/Src/ili9341.o
                0x080012b8                LCD_Print
 .text.LCD_Bitmap
                0x08001490       0xb4 ./Core/Src/ili9341.o
                0x08001490                LCD_Bitmap
 .text.LCD_ImageFromSD
                0x08001544      0x290 ./Core/Src/ili9341.o
                0x08001544                LCD_ImageFromSD
 .text.main     0x080017d4      0x91c ./Core/Src/main.o
                0x080017d4                main
 .text.SystemClock_Config
                0x080020f0       0xd8 ./Core/Src/main.o
                0x080020f0                SystemClock_Config
 .text.MX_I2C1_Init
                0x080021c8       0x5c ./Core/Src/main.o
 .text.MX_SPI1_Init
                0x08002224       0x6c ./Core/Src/main.o
 .text.MX_USART2_UART_Init
                0x08002290       0x54 ./Core/Src/main.o
 .text.MX_GPIO_Init
                0x080022e4      0x1c4 ./Core/Src/main.o
 .text.HAL_GPIO_EXTI_Callback
                0x080024a8      0x104 ./Core/Src/main.o
                0x080024a8                HAL_GPIO_EXTI_Callback
 .text.HAL_UART_RxCpltCallback
                0x080025ac       0xac ./Core/Src/main.o
                0x080025ac                HAL_UART_RxCpltCallback
 .text.HAL_I2C_ListenCpltCallback
                0x08002658       0xd0 ./Core/Src/main.o
                0x08002658                HAL_I2C_ListenCpltCallback
 .text.HAL_I2C_SlaveTxCpltCallback
                0x08002728       0x14 ./Core/Src/main.o
                0x08002728                HAL_I2C_SlaveTxCpltCallback
 .text.HAL_I2C_SlaveRxCpltCallback
                0x0800273c       0x14 ./Core/Src/main.o
                0x0800273c                HAL_I2C_SlaveRxCpltCallback
 .text.HAL_I2C_AddrCallback
                0x08002750       0x60 ./Core/Src/main.o
                0x08002750                HAL_I2C_AddrCallback
 .text.HAL_I2C_ErrorCallback
                0x080027b0       0x20 ./Core/Src/main.o
                0x080027b0                HAL_I2C_ErrorCallback
 .text.Error_Handler
                0x080027d0        0xc ./Core/Src/main.o
                0x080027d0                Error_Handler
 .text.HAL_MspInit
                0x080027dc       0x50 ./Core/Src/stm32f4xx_hal_msp.o
                0x080027dc                HAL_MspInit
 .text.HAL_I2C_MspInit
                0x0800282c       0xb0 ./Core/Src/stm32f4xx_hal_msp.o
                0x0800282c                HAL_I2C_MspInit
 .text.HAL_SPI_MspInit
                0x080028dc       0x90 ./Core/Src/stm32f4xx_hal_msp.o
                0x080028dc                HAL_SPI_MspInit
 .text.HAL_UART_MspInit
                0x0800296c       0xa0 ./Core/Src/stm32f4xx_hal_msp.o
                0x0800296c                HAL_UART_MspInit
 .text.NMI_Handler
                0x08002a0c        0x8 ./Core/Src/stm32f4xx_it.o
                0x08002a0c                NMI_Handler
 .text.HardFault_Handler
                0x08002a14        0x8 ./Core/Src/stm32f4xx_it.o
                0x08002a14                HardFault_Handler
 .text.MemManage_Handler
                0x08002a1c        0x8 ./Core/Src/stm32f4xx_it.o
                0x08002a1c                MemManage_Handler
 .text.BusFault_Handler
                0x08002a24        0x8 ./Core/Src/stm32f4xx_it.o
                0x08002a24                BusFault_Handler
 .text.UsageFault_Handler
                0x08002a2c        0x8 ./Core/Src/stm32f4xx_it.o
                0x08002a2c                UsageFault_Handler
 .text.SVC_Handler
                0x08002a34        0xe ./Core/Src/stm32f4xx_it.o
                0x08002a34                SVC_Handler
 .text.DebugMon_Handler
                0x08002a42        0xe ./Core/Src/stm32f4xx_it.o
                0x08002a42                DebugMon_Handler
 .text.PendSV_Handler
                0x08002a50        0xe ./Core/Src/stm32f4xx_it.o
                0x08002a50                PendSV_Handler
 *fill*         0x08002a5e        0x2 
 .text.SysTick_Handler
                0x08002a60       0x40 ./Core/Src/stm32f4xx_it.o
                0x08002a60                SysTick_Handler
 .text.EXTI2_IRQHandler
                0x08002aa0        0xe ./Core/Src/stm32f4xx_it.o
                0x08002aa0                EXTI2_IRQHandler
 .text.EXTI3_IRQHandler
                0x08002aae        0xe ./Core/Src/stm32f4xx_it.o
                0x08002aae                EXTI3_IRQHandler
 .text.I2C1_EV_IRQHandler
                0x08002abc       0x14 ./Core/Src/stm32f4xx_it.o
                0x08002abc                I2C1_EV_IRQHandler
 .text.I2C1_ER_IRQHandler
                0x08002ad0       0x14 ./Core/Src/stm32f4xx_it.o
                0x08002ad0                I2C1_ER_IRQHandler
 .text.USART2_IRQHandler
                0x08002ae4       0x14 ./Core/Src/stm32f4xx_it.o
                0x08002ae4                USART2_IRQHandler
 .text.EXTI15_10_IRQHandler
                0x08002af8       0x20 ./Core/Src/stm32f4xx_it.o
                0x08002af8                EXTI15_10_IRQHandler
 .text.SystemInit
                0x08002b18       0x24 ./Core/Src/system_stm32f4xx.o
                0x08002b18                SystemInit
 .text.Reset_Handler
                0x08002b3c       0x50 ./Core/Startup/startup_stm32f446retx.o
                0x08002b3c                Reset_Handler
 .text.Default_Handler
                0x08002b8c        0x2 ./Core/Startup/startup_stm32f446retx.o
                0x08002b8c                RTC_Alarm_IRQHandler
                0x08002b8c                TIM8_CC_IRQHandler
                0x08002b8c                FMPI2C1_EV_IRQHandler
                0x08002b8c                SPI4_IRQHandler
                0x08002b8c                TIM1_CC_IRQHandler
                0x08002b8c                DMA2_Stream5_IRQHandler
                0x08002b8c                DMA1_Stream5_IRQHandler
                0x08002b8c                PVD_IRQHandler
                0x08002b8c                SDIO_IRQHandler
                0x08002b8c                TAMP_STAMP_IRQHandler
                0x08002b8c                CAN2_RX1_IRQHandler
                0x08002b8c                TIM8_TRG_COM_TIM14_IRQHandler
                0x08002b8c                TIM1_UP_TIM10_IRQHandler
                0x08002b8c                TIM8_UP_TIM13_IRQHandler
                0x08002b8c                I2C3_ER_IRQHandler
                0x08002b8c                EXTI0_IRQHandler
                0x08002b8c                I2C2_EV_IRQHandler
                0x08002b8c                DMA1_Stream2_IRQHandler
                0x08002b8c                CAN1_RX0_IRQHandler
                0x08002b8c                FPU_IRQHandler
                0x08002b8c                OTG_HS_WKUP_IRQHandler
                0x08002b8c                CAN2_SCE_IRQHandler
                0x08002b8c                DMA2_Stream2_IRQHandler
                0x08002b8c                SPI1_IRQHandler
                0x08002b8c                TIM6_DAC_IRQHandler
                0x08002b8c                TIM1_BRK_TIM9_IRQHandler
                0x08002b8c                DCMI_IRQHandler
                0x08002b8c                CAN2_RX0_IRQHandler
                0x08002b8c                DMA2_Stream3_IRQHandler
                0x08002b8c                SAI2_IRQHandler
                0x08002b8c                USART6_IRQHandler
                0x08002b8c                USART3_IRQHandler
                0x08002b8c                CAN1_RX1_IRQHandler
                0x08002b8c                UART5_IRQHandler
                0x08002b8c                DMA2_Stream0_IRQHandler
                0x08002b8c                TIM4_IRQHandler
                0x08002b8c                QUADSPI_IRQHandler
                0x08002b8c                DMA1_Stream6_IRQHandler
                0x08002b8c                DMA1_Stream1_IRQHandler
                0x08002b8c                UART4_IRQHandler
                0x08002b8c                TIM3_IRQHandler
                0x08002b8c                RCC_IRQHandler
                0x08002b8c                TIM8_BRK_TIM12_IRQHandler
                0x08002b8c                Default_Handler
                0x08002b8c                CEC_IRQHandler
                0x08002b8c                ADC_IRQHandler
                0x08002b8c                DMA1_Stream7_IRQHandler
                0x08002b8c                TIM7_IRQHandler
                0x08002b8c                CAN2_TX_IRQHandler
                0x08002b8c                TIM5_IRQHandler
                0x08002b8c                DMA2_Stream7_IRQHandler
                0x08002b8c                I2C3_EV_IRQHandler
                0x08002b8c                EXTI9_5_IRQHandler
                0x08002b8c                RTC_WKUP_IRQHandler
                0x08002b8c                SPDIF_RX_IRQHandler
                0x08002b8c                SPI2_IRQHandler
                0x08002b8c                OTG_HS_EP1_IN_IRQHandler
                0x08002b8c                DMA1_Stream0_IRQHandler
                0x08002b8c                CAN1_TX_IRQHandler
                0x08002b8c                FMPI2C1_ER_IRQHandler
                0x08002b8c                EXTI4_IRQHandler
                0x08002b8c                OTG_HS_EP1_OUT_IRQHandler
                0x08002b8c                WWDG_IRQHandler
                0x08002b8c                TIM2_IRQHandler
                0x08002b8c                OTG_FS_WKUP_IRQHandler
                0x08002b8c                TIM1_TRG_COM_TIM11_IRQHandler
                0x08002b8c                OTG_HS_IRQHandler
                0x08002b8c                EXTI1_IRQHandler
                0x08002b8c                I2C2_ER_IRQHandler
                0x08002b8c                DMA2_Stream1_IRQHandler
                0x08002b8c                CAN1_SCE_IRQHandler
                0x08002b8c                FLASH_IRQHandler
                0x08002b8c                DMA2_Stream4_IRQHandler
                0x08002b8c                USART1_IRQHandler
                0x08002b8c                OTG_FS_IRQHandler
                0x08002b8c                SPI3_IRQHandler
                0x08002b8c                DMA1_Stream4_IRQHandler
                0x08002b8c                FMC_IRQHandler
                0x08002b8c                DMA2_Stream6_IRQHandler
                0x08002b8c                SAI1_IRQHandler
                0x08002b8c                DMA1_Stream3_IRQHandler
 *fill*         0x08002b8e        0x2 
 .text.HAL_Init
                0x08002b90       0x44 ./Drivers/STM32F4xx_HAL_Driver/Src/stm32f4xx_hal.o
                0x08002b90                HAL_Init
 .text.HAL_InitTick
                0x08002bd4       0x60 ./Drivers/STM32F4xx_HAL_Driver/Src/stm32f4xx_hal.o
                0x08002bd4                HAL_InitTick
 .text.HAL_IncTick
                0x08002c34       0x28 ./Drivers/STM32F4xx_HAL_Driver/Src/stm32f4xx_hal.o
                0x08002c34                HAL_IncTick
 .text.HAL_GetTick
                0x08002c5c       0x18 ./Drivers/STM32F4xx_HAL_Driver/Src/stm32f4xx_hal.o
                0x08002c5c                HAL_GetTick
 .text.HAL_Delay
                0x08002c74       0x48 ./Drivers/STM32F4xx_HAL_Driver/Src/stm32f4xx_hal.o
                0x08002c74                HAL_Delay
 .text.__NVIC_SetPriorityGrouping
                0x08002cbc       0x48 ./Drivers/STM32F4xx_HAL_Driver/Src/stm32f4xx_hal_cortex.o
 .text.__NVIC_GetPriorityGrouping
                0x08002d04       0x1c ./Drivers/STM32F4xx_HAL_Driver/Src/stm32f4xx_hal_cortex.o
 .text.__NVIC_EnableIRQ
                0x08002d20       0x3c ./Drivers/STM32F4xx_HAL_Driver/Src/stm32f4xx_hal_cortex.o
 .text.__NVIC_SetPriority
                0x08002d5c       0x54 ./Drivers/STM32F4xx_HAL_Driver/Src/stm32f4xx_hal_cortex.o
 .text.NVIC_EncodePriority
                0x08002db0       0x66 ./Drivers/STM32F4xx_HAL_Driver/Src/stm32f4xx_hal_cortex.o
 *fill*         0x08002e16        0x2 
 .text.SysTick_Config
                0x08002e18       0x44 ./Drivers/STM32F4xx_HAL_Driver/Src/stm32f4xx_hal_cortex.o
 .text.HAL_NVIC_SetPriorityGrouping
                0x08002e5c       0x16 ./Drivers/STM32F4xx_HAL_Driver/Src/stm32f4xx_hal_cortex.o
                0x08002e5c                HAL_NVIC_SetPriorityGrouping
 .text.HAL_NVIC_SetPriority
                0x08002e72       0x38 ./Drivers/STM32F4xx_HAL_Driver/Src/stm32f4xx_hal_cortex.o
                0x08002e72                HAL_NVIC_SetPriority
 .text.HAL_NVIC_EnableIRQ
                0x08002eaa       0x1c ./Drivers/STM32F4xx_HAL_Driver/Src/stm32f4xx_hal_cortex.o
                0x08002eaa                HAL_NVIC_EnableIRQ
 .text.HAL_SYSTICK_Config
                0x08002ec6       0x18 ./Drivers/STM32F4xx_HAL_Driver/Src/stm32f4xx_hal_cortex.o
                0x08002ec6                HAL_SYSTICK_Config
 .text.HAL_SYSTICK_IRQHandler
                0x08002ede        0xc ./Drivers/STM32F4xx_HAL_Driver/Src/stm32f4xx_hal_cortex.o
                0x08002ede                HAL_SYSTICK_IRQHandler
 .text.HAL_SYSTICK_Callback
                0x08002eea        0xe ./Drivers/STM32F4xx_HAL_Driver/Src/stm32f4xx_hal_cortex.o
                0x08002eea                HAL_SYSTICK_Callback
 .text.HAL_DMA_Abort
                0x08002ef8       0xe0 ./Drivers/STM32F4xx_HAL_Driver/Src/stm32f4xx_hal_dma.o
                0x08002ef8                HAL_DMA_Abort
 .text.HAL_DMA_Abort_IT
                0x08002fd8       0x44 ./Drivers/STM32F4xx_HAL_Driver/Src/stm32f4xx_hal_dma.o
                0x08002fd8                HAL_DMA_Abort_IT
 .text.HAL_DMA_GetState
                0x0800301c       0x1c ./Drivers/STM32F4xx_HAL_Driver/Src/stm32f4xx_hal_dma.o
                0x0800301c                HAL_DMA_GetState
 .text.HAL_GPIO_Init
                0x08003038      0x328 ./Drivers/STM32F4xx_HAL_Driver/Src/stm32f4xx_hal_gpio.o
                0x08003038                HAL_GPIO_Init
 .text.HAL_GPIO_ReadPin
                0x08003360       0x30 ./Drivers/STM32F4xx_HAL_Driver/Src/stm32f4xx_hal_gpio.o
                0x08003360                HAL_GPIO_ReadPin
 .text.HAL_GPIO_WritePin
                0x08003390       0x32 ./Drivers/STM32F4xx_HAL_Driver/Src/stm32f4xx_hal_gpio.o
                0x08003390                HAL_GPIO_WritePin
 *fill*         0x080033c2        0x2 
 .text.HAL_GPIO_EXTI_IRQHandler
                0x080033c4       0x30 ./Drivers/STM32F4xx_HAL_Driver/Src/stm32f4xx_hal_gpio.o
                0x080033c4                HAL_GPIO_EXTI_IRQHandler
 .text.HAL_I2C_Init
                0x080033f4      0x288 ./Drivers/STM32F4xx_HAL_Driver/Src/stm32f4xx_hal_i2c.o
                0x080033f4                HAL_I2C_Init
 .text.I2C_Flush_DR
                0x0800367c       0x2a ./Drivers/STM32F4xx_HAL_Driver/Src/stm32f4xx_hal_i2c.o
 .text.HAL_I2C_Slave_Seq_Transmit_IT
                0x080036a6       0xe6 ./Drivers/STM32F4xx_HAL_Driver/Src/stm32f4xx_hal_i2c.o
                0x080036a6                HAL_I2C_Slave_Seq_Transmit_IT
 .text.HAL_I2C_Slave_Seq_Receive_IT
                0x0800378c       0xe6 ./Drivers/STM32F4xx_HAL_Driver/Src/stm32f4xx_hal_i2c.o
                0x0800378c                HAL_I2C_Slave_Seq_Receive_IT
 .text.HAL_I2C_EnableListen_IT
                0x08003872       0x6c ./Drivers/STM32F4xx_HAL_Driver/Src/stm32f4xx_hal_i2c.o
                0x08003872                HAL_I2C_EnableListen_IT
 .text.HAL_I2C_EV_IRQHandler
                0x080038de      0x2e2 ./Drivers/STM32F4xx_HAL_Driver/Src/stm32f4xx_hal_i2c.o
                0x080038de                HAL_I2C_EV_IRQHandler
 .text.HAL_I2C_ER_IRQHandler
                0x08003bc0      0x14e ./Drivers/STM32F4xx_HAL_Driver/Src/stm32f4xx_hal_i2c.o
                0x08003bc0                HAL_I2C_ER_IRQHandler
 .text.HAL_I2C_MasterTxCpltCallback
                0x08003d0e       0x14 ./Drivers/STM32F4xx_HAL_Driver/Src/stm32f4xx_hal_i2c.o
                0x08003d0e                HAL_I2C_MasterTxCpltCallback
 .text.HAL_I2C_MasterRxCpltCallback
                0x08003d22       0x14 ./Drivers/STM32F4xx_HAL_Driver/Src/stm32f4xx_hal_i2c.o
                0x08003d22                HAL_I2C_MasterRxCpltCallback
 .text.HAL_I2C_MemTxCpltCallback
                0x08003d36       0x14 ./Drivers/STM32F4xx_HAL_Driver/Src/stm32f4xx_hal_i2c.o
                0x08003d36                HAL_I2C_MemTxCpltCallback
 .text.HAL_I2C_MemRxCpltCallback
                0x08003d4a       0x14 ./Drivers/STM32F4xx_HAL_Driver/Src/stm32f4xx_hal_i2c.o
                0x08003d4a                HAL_I2C_MemRxCpltCallback
 .text.HAL_I2C_AbortCpltCallback
                0x08003d5e       0x14 ./Drivers/STM32F4xx_HAL_Driver/Src/stm32f4xx_hal_i2c.o
                0x08003d5e                HAL_I2C_AbortCpltCallback
 .text.HAL_I2C_GetError
                0x08003d72       0x18 ./Drivers/STM32F4xx_HAL_Driver/Src/stm32f4xx_hal_i2c.o
                0x08003d72                HAL_I2C_GetError
 .text.I2C_MasterTransmit_TXE
                0x08003d8a      0x138 ./Drivers/STM32F4xx_HAL_Driver/Src/stm32f4xx_hal_i2c.o
 .text.I2C_MasterTransmit_BTF
                0x08003ec2       0xec ./Drivers/STM32F4xx_HAL_Driver/Src/stm32f4xx_hal_i2c.o
 .text.I2C_MemoryTransmit_TXE_BTF
                0x08003fae      0x130 ./Drivers/STM32F4xx_HAL_Driver/Src/stm32f4xx_hal_i2c.o
 .text.I2C_MasterReceive_RXNE
                0x080040de      0x190 ./Drivers/STM32F4xx_HAL_Driver/Src/stm32f4xx_hal_i2c.o
 .text.I2C_MasterReceive_BTF
                0x0800426e      0x1e2 ./Drivers/STM32F4xx_HAL_Driver/Src/stm32f4xx_hal_i2c.o
 .text.I2C_Master_SB
                0x08004450      0x10c ./Drivers/STM32F4xx_HAL_Driver/Src/stm32f4xx_hal_i2c.o
 .text.I2C_Master_ADD10
                0x0800455c       0x54 ./Drivers/STM32F4xx_HAL_Driver/Src/stm32f4xx_hal_i2c.o
 .text.I2C_Master_ADDR
                0x080045b0      0x322 ./Drivers/STM32F4xx_HAL_Driver/Src/stm32f4xx_hal_i2c.o
 .text.I2C_SlaveTransmit_TXE
                0x080048d2       0x7a ./Drivers/STM32F4xx_HAL_Driver/Src/stm32f4xx_hal_i2c.o
 .text.I2C_SlaveTransmit_BTF
                0x0800494c       0x42 ./Drivers/STM32F4xx_HAL_Driver/Src/stm32f4xx_hal_i2c.o
 .text.I2C_SlaveReceive_RXNE
                0x0800498e       0x7c ./Drivers/STM32F4xx_HAL_Driver/Src/stm32f4xx_hal_i2c.o
 .text.I2C_SlaveReceive_BTF
                0x08004a0a       0x44 ./Drivers/STM32F4xx_HAL_Driver/Src/stm32f4xx_hal_i2c.o
 .text.I2C_Slave_ADDR
                0x08004a4e       0x94 ./Drivers/STM32F4xx_HAL_Driver/Src/stm32f4xx_hal_i2c.o
 *fill*         0x08004ae2        0x2 
 .text.I2C_Slave_STOPF
                0x08004ae4      0x260 ./Drivers/STM32F4xx_HAL_Driver/Src/stm32f4xx_hal_i2c.o
 .text.I2C_Slave_AF
                0x08004d44       0xe8 ./Drivers/STM32F4xx_HAL_Driver/Src/stm32f4xx_hal_i2c.o
 .text.I2C_ITError
                0x08004e2c      0x264 ./Drivers/STM32F4xx_HAL_Driver/Src/stm32f4xx_hal_i2c.o
 .text.I2C_DMAAbort
                0x08005090      0x150 ./Drivers/STM32F4xx_HAL_Driver/Src/stm32f4xx_hal_i2c.o
 .text.I2C_WaitOnSTOPRequestThroughIT
                0x080051e0       0x64 ./Drivers/STM32F4xx_HAL_Driver/Src/stm32f4xx_hal_i2c.o
 .text.I2C_ConvertOtherXferOptions
                0x08005244       0x36 ./Drivers/STM32F4xx_HAL_Driver/Src/stm32f4xx_hal_i2c.o
 *fill*         0x0800527a        0x2 
 .text.HAL_RCC_ClockConfig
                0x0800527c      0x1cc ./Drivers/STM32F4xx_HAL_Driver/Src/stm32f4xx_hal_rcc.o
                0x0800527c                HAL_RCC_ClockConfig
 .text.HAL_RCC_GetHCLKFreq
                0x08005448       0x18 ./Drivers/STM32F4xx_HAL_Driver/Src/stm32f4xx_hal_rcc.o
                0x08005448                HAL_RCC_GetHCLKFreq
 .text.HAL_RCC_GetPCLK1Freq
                0x08005460       0x28 ./Drivers/STM32F4xx_HAL_Driver/Src/stm32f4xx_hal_rcc.o
                0x08005460                HAL_RCC_GetPCLK1Freq
 .text.HAL_RCC_GetPCLK2Freq
                0x08005488       0x28 ./Drivers/STM32F4xx_HAL_Driver/Src/stm32f4xx_hal_rcc.o
                0x08005488                HAL_RCC_GetPCLK2Freq
 .text.HAL_RCC_GetSysClockFreq
                0x080054b0      0x460 ./Drivers/STM32F4xx_HAL_Driver/Src/stm32f4xx_hal_rcc_ex.o
                0x080054b0                HAL_RCC_GetSysClockFreq
 .text.HAL_RCC_OscConfig
                0x08005910      0x53c ./Drivers/STM32F4xx_HAL_Driver/Src/stm32f4xx_hal_rcc_ex.o
                0x08005910                HAL_RCC_OscConfig
 .text.HAL_SPI_Init
                0x08005e4c      0x112 ./Drivers/STM32F4xx_HAL_Driver/Src/stm32f4xx_hal_spi.o
                0x08005e4c                HAL_SPI_Init
 .text.HAL_SPI_Transmit
                0x08005f5e      0x288 ./Drivers/STM32F4xx_HAL_Driver/Src/stm32f4xx_hal_spi.o
                0x08005f5e                HAL_SPI_Transmit
 .text.HAL_SPI_TransmitReceive
                0x080061e6      0x352 ./Drivers/STM32F4xx_HAL_Driver/Src/stm32f4xx_hal_spi.o
                0x080061e6                HAL_SPI_TransmitReceive
 .text.SPI_WaitFlagStateUntilTimeout
                0x08006538      0x110 ./Drivers/STM32F4xx_HAL_Driver/Src/stm32f4xx_hal_spi.o
 .text.SPI_EndRxTxTransaction
                0x08006648       0xa8 ./Drivers/STM32F4xx_HAL_Driver/Src/stm32f4xx_hal_spi.o
 .text.HAL_UART_Init
                0x080066f0       0xa0 ./Drivers/STM32F4xx_HAL_Driver/Src/stm32f4xx_hal_uart.o
                0x080066f0                HAL_UART_Init
 .text.HAL_UART_Receive_IT
                0x08006790       0x4a ./Drivers/STM32F4xx_HAL_Driver/Src/stm32f4xx_hal_uart.o
                0x08006790                HAL_UART_Receive_IT
 *fill*         0x080067da        0x2 
 .text.HAL_UART_IRQHandler
                0x080067dc      0x554 ./Drivers/STM32F4xx_HAL_Driver/Src/stm32f4xx_hal_uart.o
                0x080067dc                HAL_UART_IRQHandler
 .text.HAL_UART_TxCpltCallback
                0x08006d30       0x14 ./Drivers/STM32F4xx_HAL_Driver/Src/stm32f4xx_hal_uart.o
                0x08006d30                HAL_UART_TxCpltCallback
 .text.HAL_UART_ErrorCallback
                0x08006d44       0x14 ./Drivers/STM32F4xx_HAL_Driver/Src/stm32f4xx_hal_uart.o
                0x08006d44                HAL_UART_ErrorCallback
 .text.HAL_UARTEx_RxEventCallback
                0x08006d58       0x18 ./Drivers/STM32F4xx_HAL_Driver/Src/stm32f4xx_hal_uart.o
                0x08006d58                HAL_UARTEx_RxEventCallback
 .text.UART_Start_Receive_IT
                0x08006d70       0x74 ./Drivers/STM32F4xx_HAL_Driver/Src/stm32f4xx_hal_uart.o
                0x08006d70                UART_Start_Receive_IT
 .text.UART_EndRxTransfer
                0x08006de4       0xc6 ./Drivers/STM32F4xx_HAL_Driver/Src/stm32f4xx_hal_uart.o
 .text.UART_DMAAbortOnError
                0x08006eaa       0x22 ./Drivers/STM32F4xx_HAL_Driver/Src/stm32f4xx_hal_uart.o
 .text.UART_Transmit_IT
                0x08006ecc       0xa0 ./Drivers/STM32F4xx_HAL_Driver/Src/stm32f4xx_hal_uart.o
 .text.UART_EndTransmit_IT
                0x08006f6c       0x30 ./Drivers/STM32F4xx_HAL_Driver/Src/stm32f4xx_hal_uart.o
 .text.UART_Receive_IT
                0x08006f9c      0x17c ./Drivers/STM32F4xx_HAL_Driver/Src/stm32f4xx_hal_uart.o
 .text.UART_SetConfig
                0x08007118      0x4e8 ./Drivers/STM32F4xx_HAL_Driver/Src/stm32f4xx_hal_uart.o
 .text.MX_FATFS_Init
                0x08007600       0x24 ./FATFS/App/fatfs.o
                0x08007600                MX_FATFS_Init
 .text.get_fattime
                0x08007624       0x10 ./FATFS/App/fatfs.o
                0x08007624                get_fattime
 .text.USER_initialize
                0x08007634       0x1c ./FATFS/Target/user_diskio.o
                0x08007634                USER_initialize
 .text.USER_status
                0x08007650       0x1c ./FATFS/Target/user_diskio.o
                0x08007650                USER_status
 .text.USER_read
                0x0800766c       0x26 ./FATFS/Target/user_diskio.o
                0x0800766c                USER_read
 .text.USER_write
                0x08007692       0x26 ./FATFS/Target/user_diskio.o
                0x08007692                USER_write
 .text.USER_ioctl
                0x080076b8       0x26 ./FATFS/Target/user_diskio.o
                0x080076b8                USER_ioctl
 *fill*         0x080076de        0x2 
 .text.disk_status
                0x080076e0       0x34 ./Middlewares/Third_Party/FatFs/src/diskio.o
                0x080076e0                disk_status
 .text.disk_initialize
                0x08007714       0x50 ./Middlewares/Third_Party/FatFs/src/diskio.o
                0x08007714                disk_initialize
 .text.disk_read
                0x08007764       0x40 ./Middlewares/Third_Party/FatFs/src/diskio.o
                0x08007764                disk_read
 .text.disk_write
                0x080077a4       0x40 ./Middlewares/Third_Party/FatFs/src/diskio.o
                0x080077a4                disk_write
 .text.disk_ioctl
                0x080077e4       0x3c ./Middlewares/Third_Party/FatFs/src/diskio.o
                0x080077e4                disk_ioctl
 .text.ld_word  0x08007820       0x32 ./Middlewares/Third_Party/FatFs/src/ff.o
 .text.ld_dword
                0x08007852       0x46 ./Middlewares/Third_Party/FatFs/src/ff.o
 .text.st_word  0x08007898       0x36 ./Middlewares/Third_Party/FatFs/src/ff.o
 .text.st_dword
                0x080078ce       0x58 ./Middlewares/Third_Party/FatFs/src/ff.o
 .text.mem_cpy  0x08007926       0x42 ./Middlewares/Third_Party/FatFs/src/ff.o
 .text.mem_set  0x08007968       0x36 ./Middlewares/Third_Party/FatFs/src/ff.o
 .text.mem_cmp  0x0800799e       0x4e ./Middlewares/Third_Party/FatFs/src/ff.o
 .text.chk_chr  0x080079ec       0x36 ./Middlewares/Third_Party/FatFs/src/ff.o
 *fill*         0x08007a22        0x2 
 .text.chk_lock
                0x08007a24       0xb8 ./Middlewares/Third_Party/FatFs/src/ff.o
 .text.enq_lock
                0x08007adc       0x44 ./Middlewares/Third_Party/FatFs/src/ff.o
 .text.inc_lock
                0x08007b20      0x11c ./Middlewares/Third_Party/FatFs/src/ff.o
 .text.dec_lock
                0x08007c3c       0x78 ./Middlewares/Third_Party/FatFs/src/ff.o
 .text.clear_lock
                0x08007cb4       0x48 ./Middlewares/Third_Party/FatFs/src/ff.o
 .text.sync_window
                0x08007cfc       0x88 ./Middlewares/Third_Party/FatFs/src/ff.o
 .text.move_window
                0x08007d84       0x5a ./Middlewares/Third_Party/FatFs/src/ff.o
 *fill*         0x08007dde        0x2 
 .text.sync_fs  0x08007de0       0xe0 ./Middlewares/Third_Party/FatFs/src/ff.o
 .text.clust2sect
                0x08007ec0       0x3e ./Middlewares/Third_Party/FatFs/src/ff.o
 .text.get_fat  0x08007efe      0x1a6 ./Middlewares/Third_Party/FatFs/src/ff.o
 .text.put_fat  0x080080a4      0x234 ./Middlewares/Third_Party/FatFs/src/ff.o
 .text.remove_chain
                0x080082d8       0xca ./Middlewares/Third_Party/FatFs/src/ff.o
 .text.create_chain
                0x080083a2      0x130 ./Middlewares/Third_Party/FatFs/src/ff.o
 .text.clmt_clust
                0x080084d2       0x70 ./Middlewares/Third_Party/FatFs/src/ff.o
 .text.dir_sdi  0x08008542      0x112 ./Middlewares/Third_Party/FatFs/src/ff.o
 .text.dir_next
                0x08008654      0x1ac ./Middlewares/Third_Party/FatFs/src/ff.o
 .text.dir_alloc
                0x08008800       0x8e ./Middlewares/Third_Party/FatFs/src/ff.o
 .text.ld_clust
                0x0800888e       0x3e ./Middlewares/Third_Party/FatFs/src/ff.o
 .text.st_clust
                0x080088cc       0x40 ./Middlewares/Third_Party/FatFs/src/ff.o
 .text.cmp_lfn  0x0800890c       0xe0 ./Middlewares/Third_Party/FatFs/src/ff.o
 .text.put_lfn  0x080089ec       0xd0 ./Middlewares/Third_Party/FatFs/src/ff.o
 .text.gen_numname
                0x08008abc      0x11c ./Middlewares/Third_Party/FatFs/src/ff.o
 .text.sum_sfn  0x08008bd8       0x42 ./Middlewares/Third_Party/FatFs/src/ff.o
 .text.dir_find
                0x08008c1a      0x180 ./Middlewares/Third_Party/FatFs/src/ff.o
 *fill*         0x08008d9a        0x2 
 .text.dir_register
                0x08008d9c      0x1f0 ./Middlewares/Third_Party/FatFs/src/ff.o
 .text.create_name
                0x08008f8c      0x370 ./Middlewares/Third_Party/FatFs/src/ff.o
 .text.follow_path
                0x080092fc       0xec ./Middlewares/Third_Party/FatFs/src/ff.o
 .text.get_ldnumber
                0x080093e8       0x88 ./Middlewares/Third_Party/FatFs/src/ff.o
 .text.check_fs
                0x08009470       0xac ./Middlewares/Third_Party/FatFs/src/ff.o
 .text.find_volume
                0x0800951c      0x50c ./Middlewares/Third_Party/FatFs/src/ff.o
 .text.validate
                0x08009a28       0x6a ./Middlewares/Third_Party/FatFs/src/ff.o
 *fill*         0x08009a92        0x2 
 .text.f_mount  0x08009a94       0x8c ./Middlewares/Third_Party/FatFs/src/ff.o
                0x08009a94                f_mount
 .text.f_open   0x08009b20      0x390 ./Middlewares/Third_Party/FatFs/src/ff.o
                0x08009b20                f_open
 .text.f_read   0x08009eb0      0x2be ./Middlewares/Third_Party/FatFs/src/ff.o
                0x08009eb0                f_read
 .text.f_sync   0x0800a16e       0xfc ./Middlewares/Third_Party/FatFs/src/ff.o
                0x0800a16e                f_sync
 .text.f_close  0x0800a26a       0x54 ./Middlewares/Third_Party/FatFs/src/ff.o
                0x0800a26a                f_close
 *fill*         0x0800a2be        0x2 
 .text.FATFS_LinkDriverEx
                0x0800a2c0       0x98 ./Middlewares/Third_Party/FatFs/src/ff_gen_drv.o
                0x0800a2c0                FATFS_LinkDriverEx
 .text.FATFS_LinkDriver
                0x0800a358       0x1e ./Middlewares/Third_Party/FatFs/src/ff_gen_drv.o
                0x0800a358                FATFS_LinkDriver
 *fill*         0x0800a376        0x2 
 .text.ff_convert
                0x0800a378       0x78 ./Middlewares/Third_Party/FatFs/src/option/ccsbcs.o
                0x0800a378                ff_convert
 .text.ff_wtoupper
                0x0800a3f0      0x114 ./Middlewares/Third_Party/FatFs/src/option/ccsbcs.o
                0x0800a3f0                ff_wtoupper
 .text.memset   0x0800a504       0x10 C:/ST/STM32CubeIDE_1.18.1/STM32CubeIDE/plugins/com.st.stm32cube.ide.mcu.externaltools.gnu-tools-for-stm32.13.3.rel1.win32_1.0.0.202411081344/tools/bin/../lib/gcc/arm-none-eabi/13.3.1/../../../../arm-none-eabi/lib/thumb/v7e-m+fp/hard\libc_nano.a(libc_a-memset.o)
                0x0800a504                memset
 .text.__libc_init_array
                0x0800a514       0x48 C:/ST/STM32CubeIDE_1.18.1/STM32CubeIDE/plugins/com.st.stm32cube.ide.mcu.externaltools.gnu-tools-for-stm32.13.3.rel1.win32_1.0.0.202411081344/tools/bin/../lib/gcc/arm-none-eabi/13.3.1/../../../../arm-none-eabi/lib/thumb/v7e-m+fp/hard\libc_nano.a(libc_a-init.o)
                0x0800a514                __libc_init_array
 *(.glue_7)
 .glue_7        0x0800a55c        0x0 linker stubs
 *(.glue_7t)
 .glue_7t       0x0800a55c        0x0 linker stubs
 *(.eh_frame)
 .eh_frame      0x0800a55c        0x0 C:/ST/STM32CubeIDE_1.18.1/STM32CubeIDE/plugins/com.st.stm32cube.ide.mcu.externaltools.gnu-tools-for-stm32.13.3.rel1.win32_1.0.0.202411081344/tools/bin/../lib/gcc/arm-none-eabi/13.3.1/thumb/v7e-m+fp/hard/crtbegin.o
 *(.init)
 .init          0x0800a55c        0x4 C:/ST/STM32CubeIDE_1.18.1/STM32CubeIDE/plugins/com.st.stm32cube.ide.mcu.externaltools.gnu-tools-for-stm32.13.3.rel1.win32_1.0.0.202411081344/tools/bin/../lib/gcc/arm-none-eabi/13.3.1/thumb/v7e-m+fp/hard/crti.o
                0x0800a55c                _init
 .init          0x0800a560        0x8 C:/ST/STM32CubeIDE_1.18.1/STM32CubeIDE/plugins/com.st.stm32cube.ide.mcu.externaltools.gnu-tools-for-stm32.13.3.rel1.win32_1.0.0.202411081344/tools/bin/../lib/gcc/arm-none-eabi/13.3.1/thumb/v7e-m+fp/hard/crtn.o
 *(.fini)
 .fini          0x0800a568        0x4 C:/ST/STM32CubeIDE_1.18.1/STM32CubeIDE/plugins/com.st.stm32cube.ide.mcu.externaltools.gnu-tools-for-stm32.13.3.rel1.win32_1.0.0.202411081344/tools/bin/../lib/gcc/arm-none-eabi/13.3.1/thumb/v7e-m+fp/hard/crti.o
                0x0800a568                _fini
 .fini          0x0800a56c        0x8 C:/ST/STM32CubeIDE_1.18.1/STM32CubeIDE/plugins/com.st.stm32cube.ide.mcu.externaltools.gnu-tools-for-stm32.13.3.rel1.win32_1.0.0.202411081344/tools/bin/../lib/gcc/arm-none-eabi/13.3.1/thumb/v7e-m+fp/hard/crtn.o
                0x0800a574                        . = ALIGN (0x4)
                0x0800a574                        _etext = .

.vfp11_veneer   0x0800a574        0x0
 .vfp11_veneer  0x0800a574        0x0 linker stubs

.v4_bx          0x0800a574        0x0
 .v4_bx         0x0800a574        0x0 linker stubs

.iplt           0x0800a574        0x0
 .iplt          0x0800a574        0x0 C:/ST/STM32CubeIDE_1.18.1/STM32CubeIDE/plugins/com.st.stm32cube.ide.mcu.externaltools.gnu-tools-for-stm32.13.3.rel1.win32_1.0.0.202411081344/tools/bin/../lib/gcc/arm-none-eabi/13.3.1/thumb/v7e-m+fp/hard/crtbegin.o

.rodata         0x0800a574     0x16d0
                0x0800a574                        . = ALIGN (0x4)
 *(.rodata)
 .rodata        0x0800a574       0x4c ./Core/Src/main.o
 .rodata        0x0800a5c0       0x48 ./Middlewares/Third_Party/FatFs/src/ff.o
 *(.rodata*)
 .rodata.smallFont
                0x0800a608      0x474 ./Core/Src/font.o
                0x0800a608                smallFont
 .rodata.bigFont
                0x0800aa7c      0xbe0 ./Core/Src/font.o
                0x0800aa7c                bigFont
 .rodata.square_red_circle_10x10_max_bytes
                0x0800b65c       0xc8 ./Core/Src/main.o
                0x0800b65c                square_red_circle_10x10_max_bytes
 .rodata.square_green_circle_10x10_max_bytes
                0x0800b724       0xc8 ./Core/Src/main.o
                0x0800b724                square_green_circle_10x10_max_bytes
 .rodata.AHBPrescTable
                0x0800b7ec       0x10 ./Core/Src/system_stm32f4xx.o
                0x0800b7ec                AHBPrescTable
 .rodata.APBPrescTable
                0x0800b7fc        0x8 ./Core/Src/system_stm32f4xx.o
                0x0800b7fc                APBPrescTable
 .rodata.ExCvt  0x0800b804       0x80 ./Middlewares/Third_Party/FatFs/src/ff.o
 .rodata.LfnOfs
                0x0800b884        0xd ./Middlewares/Third_Party/FatFs/src/ff.o
 *fill*         0x0800b891        0x3 
 .rodata.Tbl    0x0800b894      0x100 ./Middlewares/Third_Party/FatFs/src/option/ccsbcs.o
 .rodata.cvt1.1
                0x0800b994      0x1f2 ./Middlewares/Third_Party/FatFs/src/option/ccsbcs.o
 *fill*         0x0800bb86        0x2 
 .rodata.cvt2.0
                0x0800bb88       0xbc ./Middlewares/Third_Party/FatFs/src/option/ccsbcs.o
                0x0800bc44                        . = ALIGN (0x4)

.ARM.extab      0x0800bc44        0x0
                0x0800bc44                        . = ALIGN (0x4)
 *(.ARM.extab* .gnu.linkonce.armextab.*)
                0x0800bc44                        . = ALIGN (0x4)

.ARM            0x0800bc44        0x8
                0x0800bc44                        . = ALIGN (0x4)
                0x0800bc44                        __exidx_start = .
 *(.ARM.exidx*)
 .ARM.exidx     0x0800bc44        0x8 C:/ST/STM32CubeIDE_1.18.1/STM32CubeIDE/plugins/com.st.stm32cube.ide.mcu.externaltools.gnu-tools-for-stm32.13.3.rel1.win32_1.0.0.202411081344/tools/bin/../lib/gcc/arm-none-eabi/13.3.1/../../../../arm-none-eabi/lib/thumb/v7e-m+fp/hard\libc_nano.a(libc_a-strlen.o)
 .ARM.exidx     0x0800bc4c        0x0 C:/ST/STM32CubeIDE_1.18.1/STM32CubeIDE/plugins/com.st.stm32cube.ide.mcu.externaltools.gnu-tools-for-stm32.13.3.rel1.win32_1.0.0.202411081344/tools/bin/../lib/gcc/arm-none-eabi/13.3.1/thumb/v7e-m+fp/hard\libgcc.a(_udivmoddi4.o)
                                  0x8 (size before relaxing)
                0x0800bc4c                        __exidx_end = .
                0x0800bc4c                        . = ALIGN (0x4)

.preinit_array  0x0800bc4c        0x0
                0x0800bc4c                        . = ALIGN (0x4)
                0x0800bc4c                        PROVIDE (__preinit_array_start = .)
 *(.preinit_array*)
                0x0800bc4c                        PROVIDE (__preinit_array_end = .)
                0x0800bc4c                        . = ALIGN (0x4)

.init_array     0x0800bc4c        0x4
                0x0800bc4c                        . = ALIGN (0x4)
                0x0800bc4c                        PROVIDE (__init_array_start = .)
 *(SORT_BY_NAME(.init_array.*))
 *(.init_array*)
 .init_array    0x0800bc4c        0x4 C:/ST/STM32CubeIDE_1.18.1/STM32CubeIDE/plugins/com.st.stm32cube.ide.mcu.externaltools.gnu-tools-for-stm32.13.3.rel1.win32_1.0.0.202411081344/tools/bin/../lib/gcc/arm-none-eabi/13.3.1/thumb/v7e-m+fp/hard/crtbegin.o
                0x0800bc50                        PROVIDE (__init_array_end = .)
                0x0800bc50                        . = ALIGN (0x4)

.fini_array     0x0800bc50        0x4
                0x0800bc50                        . = ALIGN (0x4)
                [!provide]                        PROVIDE (__fini_array_start = .)
 *(SORT_BY_NAME(.fini_array.*))
 *(.fini_array*)
 .fini_array    0x0800bc50        0x4 C:/ST/STM32CubeIDE_1.18.1/STM32CubeIDE/plugins/com.st.stm32cube.ide.mcu.externaltools.gnu-tools-for-stm32.13.3.rel1.win32_1.0.0.202411081344/tools/bin/../lib/gcc/arm-none-eabi/13.3.1/thumb/v7e-m+fp/hard/crtbegin.o
                [!provide]                        PROVIDE (__fini_array_end = .)
                0x0800bc54                        . = ALIGN (0x4)
                0x0800bc54                        _sidata = LOADADDR (.data)

.rel.dyn        0x0800bc54        0x0
 .rel.iplt      0x0800bc54        0x0 C:/ST/STM32CubeIDE_1.18.1/STM32CubeIDE/plugins/com.st.stm32cube.ide.mcu.externaltools.gnu-tools-for-stm32.13.3.rel1.win32_1.0.0.202411081344/tools/bin/../lib/gcc/arm-none-eabi/13.3.1/thumb/v7e-m+fp/hard/crtbegin.o

.data           0x20000000      0x1bc load address 0x0800bc54
                0x20000000                        . = ALIGN (0x4)
                0x20000000                        _sdata = .
 *(.data)
 *(.data*)
 .data.Stat     0x20000000        0x1 ./Core/Src/fatfs_sd.o
 *fill*         0x20000001        0x3 
 .data.lcd_ports
                0x20000004       0x20 ./Core/Src/ili9341.o
                0x20000004                lcd_ports
 .data.lcd_pins
                0x20000024       0x10 ./Core/Src/ili9341.o
                0x20000024                lcd_pins
 .data.cars     0x20000034       0xb4 ./Core/Src/main.o
                0x20000034                cars
 .data.numbers  0x200000e8       0xb4 ./Core/Src/main.o
                0x200000e8                numbers
 .data.SystemCoreClock
                0x2000019c        0x4 ./Core/Src/system_stm32f4xx.o
                0x2000019c                SystemCoreClock
 .data.uwTickPrio
                0x200001a0        0x4 ./Drivers/STM32F4xx_HAL_Driver/Src/stm32f4xx_hal.o
                0x200001a0                uwTickPrio
 .data.uwTickFreq
                0x200001a4        0x1 ./Drivers/STM32F4xx_HAL_Driver/Src/stm32f4xx_hal.o
                0x200001a4                uwTickFreq
 *fill*         0x200001a5        0x3 
 .data.USER_Driver
                0x200001a8       0x14 ./FATFS/Target/user_diskio.o
                0x200001a8                USER_Driver
 *(.RamFunc)
 *(.RamFunc*)
                0x200001bc                        . = ALIGN (0x4)
                0x200001bc                        _edata = .

.igot.plt       0x200001bc        0x0 load address 0x0800be10
 .igot.plt      0x200001bc        0x0 C:/ST/STM32CubeIDE_1.18.1/STM32CubeIDE/plugins/com.st.stm32cube.ide.mcu.externaltools.gnu-tools-for-stm32.13.3.rel1.win32_1.0.0.202411081344/tools/bin/../lib/gcc/arm-none-eabi/13.3.1/thumb/v7e-m+fp/hard/crtbegin.o
                0x200001bc                        . = ALIGN (0x4)

.bss            0x200001bc     0x13b4 load address 0x0800be10
                0x200001bc                        _sbss = .
                0x200001bc                        __bss_start__ = _sbss
 *(.bss)
 .bss           0x200001bc       0x1c C:/ST/STM32CubeIDE_1.18.1/STM32CubeIDE/plugins/com.st.stm32cube.ide.mcu.externaltools.gnu-tools-for-stm32.13.3.rel1.win32_1.0.0.202411081344/tools/bin/../lib/gcc/arm-none-eabi/13.3.1/thumb/v7e-m+fp/hard/crtbegin.o
 *(.bss*)
 .bss.Timer1    0x200001d8        0x2 ./Core/Src/fatfs_sd.o
                0x200001d8                Timer1
 .bss.Timer2    0x200001da        0x2 ./Core/Src/fatfs_sd.o
                0x200001da                Timer2
 .bss.CardType  0x200001dc        0x1 ./Core/Src/fatfs_sd.o
 .bss.PowerFlag
                0x200001dd        0x1 ./Core/Src/fatfs_sd.o
 *fill*         0x200001de        0x2 
 .bss.fs        0x200001e0     0x1038 ./Core/Src/main.o
                0x200001e0                fs
 .bss.fres      0x20001218        0x1 ./Core/Src/main.o
                0x20001218                fres
 *fill*         0x20001219        0x3 
 .bss.buffer    0x2000121c        0x1 ./Core/Src/main.o
                0x2000121c                buffer
 .bss.start     0x2000121d        0x1 ./Core/Src/main.o
                0x2000121d                start
 *fill*         0x2000121e        0x2 
 .bss.key       0x20001220        0x8 ./Core/Src/main.o
                0x20001220                key
 .bss.previousStateI2C
                0x20001228        0x4 ./Core/Src/main.o
                0x20001228                previousStateI2C
 .bss.currentStateI2C
                0x2000122c        0x4 ./Core/Src/main.o
                0x2000122c                currentStateI2C
 .bss.spaces    0x20001230        0x1 ./Core/Src/main.o
                0x20001230                spaces
 .bss.cont      0x20001231        0x1 ./Core/Src/main.o
                0x20001231                cont
 *fill*         0x20001232        0x2 
 .bss.RxData    0x20001234        0x1 ./Core/Src/main.o
                0x20001234                RxData
 *fill*         0x20001235        0x3 
 .bss.TxData    0x20001238        0x1 ./Core/Src/main.o
                0x20001238                TxData
 *fill*         0x20001239        0x3 
 .bss.hi2c1     0x2000123c       0x54 ./Core/Src/main.o
                0x2000123c                hi2c1
 .bss.hspi1     0x20001290       0x58 ./Core/Src/main.o
                0x20001290                hspi1
 .bss.huart2    0x200012e8       0x48 ./Core/Src/main.o
                0x200012e8                huart2
 .bss.uwTick    0x20001330        0x4 ./Drivers/STM32F4xx_HAL_Driver/Src/stm32f4xx_hal.o
                0x20001330                uwTick
 .bss.retUSER   0x20001334        0x1 ./FATFS/App/fatfs.o
                0x20001334                retUSER
 *fill*         0x20001335        0x3 
 .bss.USERPath  0x20001338        0x4 ./FATFS/App/fatfs.o
                0x20001338                USERPath
 .bss.FatFs     0x2000133c        0x4 ./Middlewares/Third_Party/FatFs/src/ff.o
 .bss.Fsid      0x20001340        0x2 ./Middlewares/Third_Party/FatFs/src/ff.o
 *fill*         0x20001342        0x2 
 .bss.Files     0x20001344       0x20 ./Middlewares/Third_Party/FatFs/src/ff.o
 .bss.LfnBuf    0x20001364      0x200 ./Middlewares/Third_Party/FatFs/src/ff.o
 .bss.disk      0x20001564        0xc ./Middlewares/Third_Party/FatFs/src/ff_gen_drv.o
                0x20001564                disk
 *(COMMON)
                0x20001570                        . = ALIGN (0x4)
                0x20001570                        _ebss = .
                0x20001570                        __bss_end__ = _ebss

._user_heap_stack
                0x20001570      0x600 load address 0x0800be10
                0x20001570                        . = ALIGN (0x8)
                [!provide]                        PROVIDE (end = .)
                0x20001570                        PROVIDE (_end = .)
                0x20001770                        . = (. + _Min_Heap_Size)
 *fill*         0x20001570      0x200 
                0x20001b70                        . = (. + _Min_Stack_Size)
 *fill*         0x20001770      0x400 
                0x20001b70                        . = ALIGN (0x8)

/DISCARD/
 libc.a(*)
 libm.a(*)
 libgcc.a(*)

.ARM.attributes
                0x00000000       0x30
 *(.ARM.attributes)
 .ARM.attributes
                0x00000000       0x22 C:/ST/STM32CubeIDE_1.18.1/STM32CubeIDE/plugins/com.st.stm32cube.ide.mcu.externaltools.gnu-tools-for-stm32.13.3.rel1.win32_1.0.0.202411081344/tools/bin/../lib/gcc/arm-none-eabi/13.3.1/thumb/v7e-m+fp/hard/crti.o
 .ARM.attributes
                0x00000022       0x34 C:/ST/STM32CubeIDE_1.18.1/STM32CubeIDE/plugins/com.st.stm32cube.ide.mcu.externaltools.gnu-tools-for-stm32.13.3.rel1.win32_1.0.0.202411081344/tools/bin/../lib/gcc/arm-none-eabi/13.3.1/thumb/v7e-m+fp/hard/crtbegin.o
 .ARM.attributes
                0x00000056       0x34 ./Core/Src/fatfs_sd.o
 .ARM.attributes
                0x0000008a       0x34 ./Core/Src/font.o
 .ARM.attributes
                0x000000be       0x34 ./Core/Src/ili9341.o
 .ARM.attributes
                0x000000f2       0x34 ./Core/Src/main.o
 .ARM.attributes
                0x00000126       0x34 ./Core/Src/stm32f4xx_hal_msp.o
 .ARM.attributes
                0x0000015a       0x34 ./Core/Src/stm32f4xx_it.o
 .ARM.attributes
                0x0000018e       0x34 ./Core/Src/system_stm32f4xx.o
 .ARM.attributes
                0x000001c2       0x21 ./Core/Startup/startup_stm32f446retx.o
 .ARM.attributes
                0x000001e3       0x34 ./Drivers/STM32F4xx_HAL_Driver/Src/stm32f4xx_hal.o
 .ARM.attributes
                0x00000217       0x34 ./Drivers/STM32F4xx_HAL_Driver/Src/stm32f4xx_hal_cortex.o
 .ARM.attributes
                0x0000024b       0x34 ./Drivers/STM32F4xx_HAL_Driver/Src/stm32f4xx_hal_dma.o
 .ARM.attributes
                0x0000027f       0x34 ./Drivers/STM32F4xx_HAL_Driver/Src/stm32f4xx_hal_gpio.o
 .ARM.attributes
                0x000002b3       0x34 ./Drivers/STM32F4xx_HAL_Driver/Src/stm32f4xx_hal_i2c.o
 .ARM.attributes
                0x000002e7       0x34 ./Drivers/STM32F4xx_HAL_Driver/Src/stm32f4xx_hal_rcc.o
 .ARM.attributes
                0x0000031b       0x34 ./Drivers/STM32F4xx_HAL_Driver/Src/stm32f4xx_hal_rcc_ex.o
 .ARM.attributes
                0x0000034f       0x34 ./Drivers/STM32F4xx_HAL_Driver/Src/stm32f4xx_hal_spi.o
 .ARM.attributes
                0x00000383       0x34 ./Drivers/STM32F4xx_HAL_Driver/Src/stm32f4xx_hal_uart.o
 .ARM.attributes
                0x000003b7       0x34 ./FATFS/App/fatfs.o
 .ARM.attributes
                0x000003eb       0x34 ./FATFS/Target/user_diskio.o
 .ARM.attributes
                0x0000041f       0x34 ./Middlewares/Third_Party/FatFs/src/diskio.o
 .ARM.attributes
                0x00000453       0x34 ./Middlewares/Third_Party/FatFs/src/ff.o
 .ARM.attributes
                0x00000487       0x34 ./Middlewares/Third_Party/FatFs/src/ff_gen_drv.o
 .ARM.attributes
                0x000004bb       0x34 ./Middlewares/Third_Party/FatFs/src/option/ccsbcs.o
 .ARM.attributes
                0x000004ef       0x34 C:/ST/STM32CubeIDE_1.18.1/STM32CubeIDE/plugins/com.st.stm32cube.ide.mcu.externaltools.gnu-tools-for-stm32.13.3.rel1.win32_1.0.0.202411081344/tools/bin/../lib/gcc/arm-none-eabi/13.3.1/../../../../arm-none-eabi/lib/thumb/v7e-m+fp/hard\libc_nano.a(libc_a-memset.o)
 .ARM.attributes
                0x00000523       0x34 C:/ST/STM32CubeIDE_1.18.1/STM32CubeIDE/plugins/com.st.stm32cube.ide.mcu.externaltools.gnu-tools-for-stm32.13.3.rel1.win32_1.0.0.202411081344/tools/bin/../lib/gcc/arm-none-eabi/13.3.1/../../../../arm-none-eabi/lib/thumb/v7e-m+fp/hard\libc_nano.a(libc_a-init.o)
 .ARM.attributes
                0x00000557       0x17 C:/ST/STM32CubeIDE_1.18.1/STM32CubeIDE/plugins/com.st.stm32cube.ide.mcu.externaltools.gnu-tools-for-stm32.13.3.rel1.win32_1.0.0.202411081344/tools/bin/../lib/gcc/arm-none-eabi/13.3.1/../../../../arm-none-eabi/lib/thumb/v7e-m+fp/hard\libc_nano.a(libc_a-strlen.o)
 .ARM.attributes
                0x0000056e       0x22 C:/ST/STM32CubeIDE_1.18.1/STM32CubeIDE/plugins/com.st.stm32cube.ide.mcu.externaltools.gnu-tools-for-stm32.13.3.rel1.win32_1.0.0.202411081344/tools/bin/../lib/gcc/arm-none-eabi/13.3.1/thumb/v7e-m+fp/hard\libgcc.a(_aeabi_uldivmod.o)
 .ARM.attributes
                0x00000590       0x34 C:/ST/STM32CubeIDE_1.18.1/STM32CubeIDE/plugins/com.st.stm32cube.ide.mcu.externaltools.gnu-tools-for-stm32.13.3.rel1.win32_1.0.0.202411081344/tools/bin/../lib/gcc/arm-none-eabi/13.3.1/thumb/v7e-m+fp/hard\libgcc.a(_udivmoddi4.o)
 .ARM.attributes
                0x000005c4       0x22 C:/ST/STM32CubeIDE_1.18.1/STM32CubeIDE/plugins/com.st.stm32cube.ide.mcu.externaltools.gnu-tools-for-stm32.13.3.rel1.win32_1.0.0.202411081344/tools/bin/../lib/gcc/arm-none-eabi/13.3.1/thumb/v7e-m+fp/hard\libgcc.a(_dvmd_tls.o)
 .ARM.attributes
                0x000005e6       0x22 C:/ST/STM32CubeIDE_1.18.1/STM32CubeIDE/plugins/com.st.stm32cube.ide.mcu.externaltools.gnu-tools-for-stm32.13.3.rel1.win32_1.0.0.202411081344/tools/bin/../lib/gcc/arm-none-eabi/13.3.1/thumb/v7e-m+fp/hard/crtn.o
OUTPUT(Proyecto3.elf elf32-littlearm)
LOAD linker stubs
LOAD C:/ST/STM32CubeIDE_1.18.1/STM32CubeIDE/plugins/com.st.stm32cube.ide.mcu.externaltools.gnu-tools-for-stm32.13.3.rel1.win32_1.0.0.202411081344/tools/bin/../lib/gcc/arm-none-eabi/13.3.1/../../../../arm-none-eabi/lib/thumb/v7e-m+fp/hard\libc.a
LOAD C:/ST/STM32CubeIDE_1.18.1/STM32CubeIDE/plugins/com.st.stm32cube.ide.mcu.externaltools.gnu-tools-for-stm32.13.3.rel1.win32_1.0.0.202411081344/tools/bin/../lib/gcc/arm-none-eabi/13.3.1/../../../../arm-none-eabi/lib/thumb/v7e-m+fp/hard\libm.a
LOAD C:/ST/STM32CubeIDE_1.18.1/STM32CubeIDE/plugins/com.st.stm32cube.ide.mcu.externaltools.gnu-tools-for-stm32.13.3.rel1.win32_1.0.0.202411081344/tools/bin/../lib/gcc/arm-none-eabi/13.3.1/thumb/v7e-m+fp/hard\libgcc.a

.debug_info     0x00000000    0x13116
 .debug_info    0x00000000      0xc35 ./Core/Src/fatfs_sd.o
 .debug_info    0x00000c35       0xf1 ./Core/Src/font.o
 .debug_info    0x00000d26      0xcef ./Core/Src/ili9341.o
 .debug_info    0x00001a15     0x1c5a ./Core/Src/main.o
 .debug_info    0x0000366f     0x11cf ./Core/Src/stm32f4xx_hal_msp.o
 .debug_info    0x0000483e      0x981 ./Core/Src/stm32f4xx_it.o
 .debug_info    0x000051bf      0x54a ./Core/Src/system_stm32f4xx.o
 .debug_info    0x00005709       0x30 ./Core/Startup/startup_stm32f446retx.o
 .debug_info    0x00005739      0x99a ./Drivers/STM32F4xx_HAL_Driver/Src/stm32f4xx_hal.o
 .debug_info    0x000060d3      0xdaa ./Drivers/STM32F4xx_HAL_Driver/Src/stm32f4xx_hal_cortex.o
 .debug_info    0x00006e7d      0x8e7 ./Drivers/STM32F4xx_HAL_Driver/Src/stm32f4xx_hal_dma.o
 .debug_info    0x00007764      0x70b ./Drivers/STM32F4xx_HAL_Driver/Src/stm32f4xx_hal_gpio.o
 .debug_info    0x00007e6f     0x2421 ./Drivers/STM32F4xx_HAL_Driver/Src/stm32f4xx_hal_i2c.o
 .debug_info    0x0000a290      0x8ff ./Drivers/STM32F4xx_HAL_Driver/Src/stm32f4xx_hal_rcc.o
 .debug_info    0x0000ab8f      0x960 ./Drivers/STM32F4xx_HAL_Driver/Src/stm32f4xx_hal_rcc_ex.o
 .debug_info    0x0000b4ef     0x1525 ./Drivers/STM32F4xx_HAL_Driver/Src/stm32f4xx_hal_spi.o
 .debug_info    0x0000ca14     0x2f4f ./Drivers/STM32F4xx_HAL_Driver/Src/stm32f4xx_hal_uart.o
 .debug_info    0x0000f963      0x508 ./FATFS/App/fatfs.o
 .debug_info    0x0000fe6b      0x3a5 ./FATFS/Target/user_diskio.o
 .debug_info    0x00010210      0x3df ./Middlewares/Third_Party/FatFs/src/diskio.o
 .debug_info    0x000105ef     0x25ef ./Middlewares/Third_Party/FatFs/src/ff.o
 .debug_info    0x00012bde      0x37f ./Middlewares/Third_Party/FatFs/src/ff_gen_drv.o
 .debug_info    0x00012f5d      0x1b9 ./Middlewares/Third_Party/FatFs/src/option/ccsbcs.o

.debug_abbrev   0x00000000     0x2d81
 .debug_abbrev  0x00000000      0x2ee ./Core/Src/fatfs_sd.o
 .debug_abbrev  0x000002ee       0x64 ./Core/Src/font.o
 .debug_abbrev  0x00000352      0x27d ./Core/Src/ili9341.o
 .debug_abbrev  0x000005cf      0x319 ./Core/Src/main.o
 .debug_abbrev  0x000008e8      0x1f9 ./Core/Src/stm32f4xx_hal_msp.o
 .debug_abbrev  0x00000ae1      0x1ba ./Core/Src/stm32f4xx_it.o
 .debug_abbrev  0x00000c9b      0x11a ./Core/Src/system_stm32f4xx.o
 .debug_abbrev  0x00000db5       0x24 ./Core/Startup/startup_stm32f446retx.o
 .debug_abbrev  0x00000dd9      0x214 ./Drivers/STM32F4xx_HAL_Driver/Src/stm32f4xx_hal.o
 .debug_abbrev  0x00000fed      0x31d ./Drivers/STM32F4xx_HAL_Driver/Src/stm32f4xx_hal_cortex.o
 .debug_abbrev  0x0000130a      0x264 ./Drivers/STM32F4xx_HAL_Driver/Src/stm32f4xx_hal_dma.o
 .debug_abbrev  0x0000156e      0x1d4 ./Drivers/STM32F4xx_HAL_Driver/Src/stm32f4xx_hal_gpio.o
 .debug_abbrev  0x00001742      0x2ad ./Drivers/STM32F4xx_HAL_Driver/Src/stm32f4xx_hal_i2c.o
 .debug_abbrev  0x000019ef      0x2b7 ./Drivers/STM32F4xx_HAL_Driver/Src/stm32f4xx_hal_rcc.o
 .debug_abbrev  0x00001ca6      0x211 ./Drivers/STM32F4xx_HAL_Driver/Src/stm32f4xx_hal_rcc_ex.o
 .debug_abbrev  0x00001eb7      0x27a ./Drivers/STM32F4xx_HAL_Driver/Src/stm32f4xx_hal_spi.o
 .debug_abbrev  0x00002131      0x30e ./Drivers/STM32F4xx_HAL_Driver/Src/stm32f4xx_hal_uart.o
 .debug_abbrev  0x0000243f      0x15e ./FATFS/App/fatfs.o
 .debug_abbrev  0x0000259d      0x15c ./FATFS/Target/user_diskio.o
 .debug_abbrev  0x000026f9      0x181 ./Middlewares/Third_Party/FatFs/src/diskio.o
 .debug_abbrev  0x0000287a      0x28a ./Middlewares/Third_Party/FatFs/src/ff.o
 .debug_abbrev  0x00002b04      0x19f ./Middlewares/Third_Party/FatFs/src/ff_gen_drv.o
 .debug_abbrev  0x00002ca3       0xde ./Middlewares/Third_Party/FatFs/src/option/ccsbcs.o

.debug_aranges  0x00000000     0x10c8
 .debug_aranges
                0x00000000       0xa8 ./Core/Src/fatfs_sd.o
 .debug_aranges
                0x000000a8       0x18 ./Core/Src/font.o
 .debug_aranges
                0x000000c0       0x80 ./Core/Src/ili9341.o
 .debug_aranges
                0x00000140       0x88 ./Core/Src/main.o
 .debug_aranges
                0x000001c8       0x50 ./Core/Src/stm32f4xx_hal_msp.o
 .debug_aranges
                0x00000218       0x90 ./Core/Src/stm32f4xx_it.o
 .debug_aranges
                0x000002a8       0x28 ./Core/Src/system_stm32f4xx.o
 .debug_aranges
                0x000002d0       0x28 ./Core/Startup/startup_stm32f446retx.o
 .debug_aranges
                0x000002f8       0xf0 ./Drivers/STM32F4xx_HAL_Driver/Src/stm32f4xx_hal.o
 .debug_aranges
                0x000003e8      0x130 ./Drivers/STM32F4xx_HAL_Driver/Src/stm32f4xx_hal_cortex.o
 .debug_aranges
                0x00000518       0x90 ./Drivers/STM32F4xx_HAL_Driver/Src/stm32f4xx_hal_dma.o
 .debug_aranges
                0x000005a8       0x58 ./Drivers/STM32F4xx_HAL_Driver/Src/stm32f4xx_hal_gpio.o
 .debug_aranges
                0x00000600      0x2a8 ./Drivers/STM32F4xx_HAL_Driver/Src/stm32f4xx_hal_i2c.o
 .debug_aranges
                0x000008a8       0x88 ./Drivers/STM32F4xx_HAL_Driver/Src/stm32f4xx_hal_rcc.o
 .debug_aranges
                0x00000930       0x78 ./Drivers/STM32F4xx_HAL_Driver/Src/stm32f4xx_hal_rcc_ex.o
 .debug_aranges
                0x000009a8      0x1d0 ./Drivers/STM32F4xx_HAL_Driver/Src/stm32f4xx_hal_spi.o
 .debug_aranges
                0x00000b78      0x208 ./Drivers/STM32F4xx_HAL_Driver/Src/stm32f4xx_hal_uart.o
 .debug_aranges
                0x00000d80       0x28 ./FATFS/App/fatfs.o
 .debug_aranges
                0x00000da8       0x40 ./FATFS/Target/user_diskio.o
 .debug_aranges
                0x00000de8       0x48 ./Middlewares/Third_Party/FatFs/src/diskio.o
 .debug_aranges
                0x00000e30      0x230 ./Middlewares/Third_Party/FatFs/src/ff.o
 .debug_aranges
                0x00001060       0x40 ./Middlewares/Third_Party/FatFs/src/ff_gen_drv.o
 .debug_aranges
                0x000010a0       0x28 ./Middlewares/Third_Party/FatFs/src/option/ccsbcs.o

.debug_rnglists
                0x00000000      0xd0a
 .debug_rnglists
                0x00000000       0x80 ./Core/Src/fatfs_sd.o
 .debug_rnglists
                0x00000080       0x65 ./Core/Src/ili9341.o
 .debug_rnglists
                0x000000e5       0x67 ./Core/Src/main.o
 .debug_rnglists
                0x0000014c       0x3a ./Core/Src/stm32f4xx_hal_msp.o
 .debug_rnglists
                0x00000186       0x67 ./Core/Src/stm32f4xx_it.o
 .debug_rnglists
                0x000001ed       0x1a ./Core/Src/system_stm32f4xx.o
 .debug_rnglists
                0x00000207       0x19 ./Core/Startup/startup_stm32f446retx.o
 .debug_rnglists
                0x00000220       0xaf ./Drivers/STM32F4xx_HAL_Driver/Src/stm32f4xx_hal.o
 .debug_rnglists
                0x000002cf       0xe0 ./Drivers/STM32F4xx_HAL_Driver/Src/stm32f4xx_hal_cortex.o
 .debug_rnglists
                0x000003af       0x70 ./Drivers/STM32F4xx_HAL_Driver/Src/stm32f4xx_hal_dma.o
 .debug_rnglists
                0x0000041f       0x3f ./Drivers/STM32F4xx_HAL_Driver/Src/stm32f4xx_hal_gpio.o
 .debug_rnglists
                0x0000045e      0x23c ./Drivers/STM32F4xx_HAL_Driver/Src/stm32f4xx_hal_i2c.o
 .debug_rnglists
                0x0000069a       0x66 ./Drivers/STM32F4xx_HAL_Driver/Src/stm32f4xx_hal_rcc.o
 .debug_rnglists
                0x00000700       0x5e ./Drivers/STM32F4xx_HAL_Driver/Src/stm32f4xx_hal_rcc_ex.o
 .debug_rnglists
                0x0000075e      0x16f ./Drivers/STM32F4xx_HAL_Driver/Src/stm32f4xx_hal_spi.o
 .debug_rnglists
                0x000008cd      0x1bc ./Drivers/STM32F4xx_HAL_Driver/Src/stm32f4xx_hal_uart.o
 .debug_rnglists
                0x00000a89       0x19 ./FATFS/App/fatfs.o
 .debug_rnglists
                0x00000aa2       0x2b ./FATFS/Target/user_diskio.o
 .debug_rnglists
                0x00000acd       0x31 ./Middlewares/Third_Party/FatFs/src/diskio.o
 .debug_rnglists
                0x00000afe      0x1c6 ./Middlewares/Third_Party/FatFs/src/ff.o
 .debug_rnglists
                0x00000cc4       0x2c ./Middlewares/Third_Party/FatFs/src/ff_gen_drv.o
 .debug_rnglists
                0x00000cf0       0x1a ./Middlewares/Third_Party/FatFs/src/option/ccsbcs.o

.debug_macro    0x00000000    0x2402d
 .debug_macro   0x00000000      0x210 ./Core/Src/fatfs_sd.o
 .debug_macro   0x00000210      0xad8 ./Core/Src/fatfs_sd.o
 .debug_macro   0x00000ce8      0x2a1 ./Core/Src/fatfs_sd.o
 .debug_macro   0x00000f89       0x2e ./Core/Src/fatfs_sd.o
 .debug_macro   0x00000fb7       0x28 ./Core/Src/fatfs_sd.o
 .debug_macro   0x00000fdf       0x22 ./Core/Src/fatfs_sd.o
 .debug_macro   0x00001001       0x8e ./Core/Src/fatfs_sd.o
 .debug_macro   0x0000108f       0x51 ./Core/Src/fatfs_sd.o
 .debug_macro   0x000010e0      0x103 ./Core/Src/fatfs_sd.o
 .debug_macro   0x000011e3       0x6a ./Core/Src/fatfs_sd.o
 .debug_macro   0x0000124d      0x1df ./Core/Src/fatfs_sd.o
 .debug_macro   0x0000142c       0x1c ./Core/Src/fatfs_sd.o
 .debug_macro   0x00001448       0x22 ./Core/Src/fatfs_sd.o
 .debug_macro   0x0000146a       0xfb ./Core/Src/fatfs_sd.o
 .debug_macro   0x00001565     0x1011 ./Core/Src/fatfs_sd.o
 .debug_macro   0x00002576      0x11f ./Core/Src/fatfs_sd.o
 .debug_macro   0x00002695    0x1675e ./Core/Src/fatfs_sd.o
 .debug_macro   0x00018df3       0x6d ./Core/Src/fatfs_sd.o
 .debug_macro   0x00018e60     0x3693 ./Core/Src/fatfs_sd.o
 .debug_macro   0x0001c4f3      0x190 ./Core/Src/fatfs_sd.o
 .debug_macro   0x0001c683       0x5c ./Core/Src/fatfs_sd.o
 .debug_macro   0x0001c6df      0xca5 ./Core/Src/fatfs_sd.o
 .debug_macro   0x0001d384      0x9e9 ./Core/Src/fatfs_sd.o
 .debug_macro   0x0001dd6d      0x115 ./Core/Src/fatfs_sd.o
 .debug_macro   0x0001de82      0x1a0 ./Core/Src/fatfs_sd.o
 .debug_macro   0x0001e022       0xa5 ./Core/Src/fatfs_sd.o
 .debug_macro   0x0001e0c7      0x16d ./Core/Src/fatfs_sd.o
 .debug_macro   0x0001e234      0x287 ./Core/Src/fatfs_sd.o
 .debug_macro   0x0001e4bb       0x5f ./Core/Src/fatfs_sd.o
 .debug_macro   0x0001e51a      0x236 ./Core/Src/fatfs_sd.o
 .debug_macro   0x0001e750      0x132 ./Core/Src/fatfs_sd.o
 .debug_macro   0x0001e882      0x29c ./Core/Src/fatfs_sd.o
 .debug_macro   0x0001eb1e       0x2e ./Core/Src/fatfs_sd.o
 .debug_macro   0x0001eb4c      0x1b5 ./Core/Src/fatfs_sd.o
 .debug_macro   0x0001ed01       0x22 ./Core/Src/fatfs_sd.o
 .debug_macro   0x0001ed23       0xd6 ./Core/Src/fatfs_sd.o
 .debug_macro   0x0001edf9      0x127 ./Core/Src/fatfs_sd.o
 .debug_macro   0x0001ef20       0xe8 ./Core/Src/fatfs_sd.o
 .debug_macro   0x0001f008       0x89 ./Core/Src/fatfs_sd.o
 .debug_macro   0x0001f091      0x225 ./Core/Src/fatfs_sd.o
 .debug_macro   0x0001f2b6      0x2aa ./Core/Src/fatfs_sd.o
 .debug_macro   0x0001f560      0x126 ./Core/Src/fatfs_sd.o
 .debug_macro   0x0001f686       0x16 ./Core/Src/fatfs_sd.o
 .debug_macro   0x0001f69c       0x7c ./Core/Src/fatfs_sd.o
 .debug_macro   0x0001f718       0x9a ./Core/Src/fatfs_sd.o
 .debug_macro   0x0001f7b2       0x72 ./Core/Src/font.o
 .debug_macro   0x0001f824       0x34 ./Core/Src/font.o
 .debug_macro   0x0001f858      0x385 ./Core/Src/ili9341.o
 .debug_macro   0x0001fbdd       0x34 ./Core/Src/ili9341.o
 .debug_macro   0x0001fc11       0x16 ./Core/Src/ili9341.o
 .debug_macro   0x0001fc27      0x11c ./Core/Src/ili9341.o
 .debug_macro   0x0001fd43       0x9b ./Core/Src/ili9341.o
 .debug_macro   0x0001fdde      0x370 ./Core/Src/ili9341.o
 .debug_macro   0x0002014e       0x16 ./Core/Src/ili9341.o
 .debug_macro   0x00020164       0x4a ./Core/Src/ili9341.o
 .debug_macro   0x000201ae       0x34 ./Core/Src/ili9341.o
 .debug_macro   0x000201e2       0x10 ./Core/Src/ili9341.o
 .debug_macro   0x000201f2       0x58 ./Core/Src/ili9341.o
 .debug_macro   0x0002024a       0x8e ./Core/Src/ili9341.o
 .debug_macro   0x000202d8       0x1c ./Core/Src/ili9341.o
 .debug_macro   0x000202f4      0x185 ./Core/Src/ili9341.o
 .debug_macro   0x00020479       0x16 ./Core/Src/ili9341.o
 .debug_macro   0x0002048f       0x29 ./Core/Src/ili9341.o
 .debug_macro   0x000204b8       0x16 ./Core/Src/ili9341.o
 .debug_macro   0x000204ce       0x3c ./Core/Src/ili9341.o
 .debug_macro   0x0002050a       0x20 ./Core/Src/ili9341.o
 .debug_macro   0x0002052a      0x118 ./Core/Src/ili9341.o
 .debug_macro   0x00020642       0x3a ./Core/Src/ili9341.o
 .debug_macro   0x0002067c       0x56 ./Core/Src/ili9341.o
 .debug_macro   0x000206d2      0x136 ./Core/Src/ili9341.o
 .debug_macro   0x00020808       0xf9 ./Core/Src/ili9341.o
 .debug_macro   0x00020901       0xe2 ./Core/Src/ili9341.o
 .debug_macro   0x000209e3       0x8e ./Core/Src/ili9341.o
 .debug_macro   0x00020a71      0x3c8 ./Core/Src/main.o
 .debug_macro   0x00020e39       0xeb ./Core/Src/main.o
 .debug_macro   0x00020f24       0x61 ./Core/Src/main.o
 .debug_macro   0x00020f85       0x12 ./Core/Src/main.o
 .debug_macro   0x00020f97       0x1c ./Core/Src/main.o
 .debug_macro   0x00020fb3       0x10 ./Core/Src/main.o
 .debug_macro   0x00020fc3       0x1c ./Core/Src/main.o
 .debug_macro   0x00020fdf       0x16 ./Core/Src/main.o
 .debug_macro   0x00020ff5      0x146 ./Core/Src/main.o
 .debug_macro   0x0002113b      0x1ec ./Core/Src/stm32f4xx_hal_msp.o
 .debug_macro   0x00021327      0x1f6 ./Core/Src/stm32f4xx_it.o
 .debug_macro   0x0002151d      0x1dd ./Core/Src/system_stm32f4xx.o
 .debug_macro   0x000216fa      0x23d ./Drivers/STM32F4xx_HAL_Driver/Src/stm32f4xx_hal.o
 .debug_macro   0x00021937      0x1dd ./Drivers/STM32F4xx_HAL_Driver/Src/stm32f4xx_hal_cortex.o
 .debug_macro   0x00021b14      0x1e3 ./Drivers/STM32F4xx_HAL_Driver/Src/stm32f4xx_hal_dma.o
 .debug_macro   0x00021cf7      0x1e3 ./Drivers/STM32F4xx_HAL_Driver/Src/stm32f4xx_hal_gpio.o
 .debug_macro   0x00021eda      0x22b ./Drivers/STM32F4xx_HAL_Driver/Src/stm32f4xx_hal_i2c.o
 .debug_macro   0x00022105      0x201 ./Drivers/STM32F4xx_HAL_Driver/Src/stm32f4xx_hal_rcc.o
 .debug_macro   0x00022306      0x1dd ./Drivers/STM32F4xx_HAL_Driver/Src/stm32f4xx_hal_rcc_ex.o
 .debug_macro   0x000224e3      0x1ec ./Drivers/STM32F4xx_HAL_Driver/Src/stm32f4xx_hal_spi.o
 .debug_macro   0x000226cf      0x1de ./Drivers/STM32F4xx_HAL_Driver/Src/stm32f4xx_hal_uart.o
 .debug_macro   0x000228ad      0x311 ./FATFS/App/fatfs.o
 .debug_macro   0x00022bbe       0xe5 ./FATFS/App/fatfs.o
 .debug_macro   0x00022ca3      0x32e ./FATFS/Target/user_diskio.o
 .debug_macro   0x00022fd1       0x10 ./FATFS/Target/user_diskio.o
 .debug_macro   0x00022fe1      0x2fe ./Middlewares/Third_Party/FatFs/src/diskio.o
 .debug_macro   0x000232df      0x70c ./Middlewares/Third_Party/FatFs/src/ff.o
 .debug_macro   0x000239eb       0x58 ./Middlewares/Third_Party/FatFs/src/ff.o
 .debug_macro   0x00023a43      0x2fe ./Middlewares/Third_Party/FatFs/src/ff_gen_drv.o
 .debug_macro   0x00023d41      0x2ec ./Middlewares/Third_Party/FatFs/src/option/ccsbcs.o

.debug_line     0x00000000    0x18e70
 .debug_line    0x00000000      0xeb0 ./Core/Src/fatfs_sd.o
 .debug_line    0x00000eb0      0x408 ./Core/Src/font.o
 .debug_line    0x000012b8      0xee7 ./Core/Src/ili9341.o
 .debug_line    0x0000219f     0x1006 ./Core/Src/main.o
 .debug_line    0x000031a5      0x84f ./Core/Src/stm32f4xx_hal_msp.o
 .debug_line    0x000039f4      0x8b9 ./Core/Src/stm32f4xx_it.o
 .debug_line    0x000042ad      0x7d3 ./Core/Src/system_stm32f4xx.o
 .debug_line    0x00004a80       0x7a ./Core/Startup/startup_stm32f446retx.o
 .debug_line    0x00004afa      0xa4f ./Drivers/STM32F4xx_HAL_Driver/Src/stm32f4xx_hal.o
 .debug_line    0x00005549      0xd1f ./Drivers/STM32F4xx_HAL_Driver/Src/stm32f4xx_hal_cortex.o
 .debug_line    0x00006268      0xfbb ./Drivers/STM32F4xx_HAL_Driver/Src/stm32f4xx_hal_dma.o
 .debug_line    0x00007223      0xb93 ./Drivers/STM32F4xx_HAL_Driver/Src/stm32f4xx_hal_gpio.o
 .debug_line    0x00007db6     0x3afc ./Drivers/STM32F4xx_HAL_Driver/Src/stm32f4xx_hal_i2c.o
 .debug_line    0x0000b8b2      0xe6a ./Drivers/STM32F4xx_HAL_Driver/Src/stm32f4xx_hal_rcc.o
 .debug_line    0x0000c71c     0x151b ./Drivers/STM32F4xx_HAL_Driver/Src/stm32f4xx_hal_rcc_ex.o
 .debug_line    0x0000dc37     0x1cea ./Drivers/STM32F4xx_HAL_Driver/Src/stm32f4xx_hal_spi.o
 .debug_line    0x0000f921     0x2597 ./Drivers/STM32F4xx_HAL_Driver/Src/stm32f4xx_hal_uart.o
 .debug_line    0x00011eb8      0x950 ./FATFS/App/fatfs.o
 .debug_line    0x00012808      0x9a2 ./FATFS/Target/user_diskio.o
 .debug_line    0x000131aa      0x9be ./Middlewares/Third_Party/FatFs/src/diskio.o
 .debug_line    0x00013b68     0x3f18 ./Middlewares/Third_Party/FatFs/src/ff.o
 .debug_line    0x00017a80      0x9d9 ./Middlewares/Third_Party/FatFs/src/ff_gen_drv.o
 .debug_line    0x00018459      0xa17 ./Middlewares/Third_Party/FatFs/src/option/ccsbcs.o

.debug_str      0x00000000    0xd0de4
 .debug_str     0x00000000    0xd0de4 ./Core/Src/fatfs_sd.o
                              0xc5e8b (size before relaxing)
 .debug_str     0x000d0de4     0x3e85 ./Core/Src/font.o
 .debug_str     0x000d0de4    0xcb7ce ./Core/Src/ili9341.o
 .debug_str     0x000d0de4    0xcb575 ./Core/Src/main.o
 .debug_str     0x000d0de4    0xc6985 ./Core/Src/stm32f4xx_hal_msp.o
 .debug_str     0x000d0de4    0xc61da ./Core/Src/stm32f4xx_it.o
 .debug_str     0x000d0de4    0xc56ab ./Core/Src/system_stm32f4xx.o
 .debug_str     0x000d0de4       0x99 ./Core/Startup/startup_stm32f446retx.o
 .debug_str     0x000d0de4    0xc6255 ./Drivers/STM32F4xx_HAL_Driver/Src/stm32f4xx_hal.o
 .debug_str     0x000d0de4    0xc5fac ./Drivers/STM32F4xx_HAL_Driver/Src/stm32f4xx_hal_cortex.o
 .debug_str     0x000d0de4    0xc5a85 ./Drivers/STM32F4xx_HAL_Driver/Src/stm32f4xx_hal_dma.o
 .debug_str     0x000d0de4    0xc5826 ./Drivers/STM32F4xx_HAL_Driver/Src/stm32f4xx_hal_gpio.o
 .debug_str     0x000d0de4    0xc66a9 ./Drivers/STM32F4xx_HAL_Driver/Src/stm32f4xx_hal_i2c.o
 .debug_str     0x000d0de4    0xc5ae4 ./Drivers/STM32F4xx_HAL_Driver/Src/stm32f4xx_hal_rcc.o
 .debug_str     0x000d0de4    0xc5b17 ./Drivers/STM32F4xx_HAL_Driver/Src/stm32f4xx_hal_rcc_ex.o
 .debug_str     0x000d0de4    0xc5f44 ./Drivers/STM32F4xx_HAL_Driver/Src/stm32f4xx_hal_spi.o
 .debug_str     0x000d0de4    0xc609b ./Drivers/STM32F4xx_HAL_Driver/Src/stm32f4xx_hal_uart.o
 .debug_str     0x000d0de4    0xc93ae ./FATFS/App/fatfs.o
 .debug_str     0x000d0de4    0xc9364 ./FATFS/Target/user_diskio.o
 .debug_str     0x000d0de4    0xc92aa ./Middlewares/Third_Party/FatFs/src/diskio.o
 .debug_str     0x000d0de4    0xca5b1 ./Middlewares/Third_Party/FatFs/src/ff.o
 .debug_str     0x000d0de4    0xc92fb ./Middlewares/Third_Party/FatFs/src/ff_gen_drv.o
 .debug_str     0x000d0de4    0xc907f ./Middlewares/Third_Party/FatFs/src/option/ccsbcs.o

.comment        0x00000000       0x43
 .comment       0x00000000       0x43 ./Core/Src/fatfs_sd.o
                                 0x44 (size before relaxing)
 .comment       0x00000043       0x44 ./Core/Src/font.o
 .comment       0x00000043       0x44 ./Core/Src/ili9341.o
 .comment       0x00000043       0x44 ./Core/Src/main.o
 .comment       0x00000043       0x44 ./Core/Src/stm32f4xx_hal_msp.o
 .comment       0x00000043       0x44 ./Core/Src/stm32f4xx_it.o
 .comment       0x00000043       0x44 ./Core/Src/system_stm32f4xx.o
 .comment       0x00000043       0x44 ./Drivers/STM32F4xx_HAL_Driver/Src/stm32f4xx_hal.o
 .comment       0x00000043       0x44 ./Drivers/STM32F4xx_HAL_Driver/Src/stm32f4xx_hal_cortex.o
 .comment       0x00000043       0x44 ./Drivers/STM32F4xx_HAL_Driver/Src/stm32f4xx_hal_dma.o
 .comment       0x00000043       0x44 ./Drivers/STM32F4xx_HAL_Driver/Src/stm32f4xx_hal_gpio.o
 .comment       0x00000043       0x44 ./Drivers/STM32F4xx_HAL_Driver/Src/stm32f4xx_hal_i2c.o
 .comment       0x00000043       0x44 ./Drivers/STM32F4xx_HAL_Driver/Src/stm32f4xx_hal_rcc.o
 .comment       0x00000043       0x44 ./Drivers/STM32F4xx_HAL_Driver/Src/stm32f4xx_hal_rcc_ex.o
 .comment       0x00000043       0x44 ./Drivers/STM32F4xx_HAL_Driver/Src/stm32f4xx_hal_spi.o
 .comment       0x00000043       0x44 ./Drivers/STM32F4xx_HAL_Driver/Src/stm32f4xx_hal_uart.o
 .comment       0x00000043       0x44 ./FATFS/App/fatfs.o
 .comment       0x00000043       0x44 ./FATFS/Target/user_diskio.o
 .comment       0x00000043       0x44 ./Middlewares/Third_Party/FatFs/src/diskio.o
 .comment       0x00000043       0x44 ./Middlewares/Third_Party/FatFs/src/ff.o
 .comment       0x00000043       0x44 ./Middlewares/Third_Party/FatFs/src/ff_gen_drv.o
 .comment       0x00000043       0x44 ./Middlewares/Third_Party/FatFs/src/option/ccsbcs.o

.debug_frame    0x00000000     0x454c
 .debug_frame   0x00000000      0x28c ./Core/Src/fatfs_sd.o
 .debug_frame   0x0000028c      0x1f8 ./Core/Src/ili9341.o
 .debug_frame   0x00000484      0x1e8 ./Core/Src/main.o
 .debug_frame   0x0000066c      0x10c ./Core/Src/stm32f4xx_hal_msp.o
 .debug_frame   0x00000778      0x1ac ./Core/Src/stm32f4xx_it.o
 .debug_frame   0x00000924       0x58 ./Core/Src/system_stm32f4xx.o
 .debug_frame   0x0000097c      0x374 ./Drivers/STM32F4xx_HAL_Driver/Src/stm32f4xx_hal.o
 .debug_frame   0x00000cf0      0x508 ./Drivers/STM32F4xx_HAL_Driver/Src/stm32f4xx_hal_cortex.o
 .debug_frame   0x000011f8      0x250 ./Drivers/STM32F4xx_HAL_Driver/Src/stm32f4xx_hal_dma.o
 .debug_frame   0x00001448      0x14c ./Drivers/STM32F4xx_HAL_Driver/Src/stm32f4xx_hal_gpio.o
 .debug_frame   0x00001594      0xc84 ./Drivers/STM32F4xx_HAL_Driver/Src/stm32f4xx_hal_i2c.o
 .debug_frame   0x00002218      0x1f4 ./Drivers/STM32F4xx_HAL_Driver/Src/stm32f4xx_hal_rcc.o
 .debug_frame   0x0000240c      0x1e8 ./Drivers/STM32F4xx_HAL_Driver/Src/stm32f4xx_hal_rcc_ex.o
 .debug_frame   0x000025f4      0x828 ./Drivers/STM32F4xx_HAL_Driver/Src/stm32f4xx_hal_spi.o
 .debug_frame   0x00002e1c      0x954 ./Drivers/STM32F4xx_HAL_Driver/Src/stm32f4xx_hal_uart.o
 .debug_frame   0x00003770       0x4c ./FATFS/App/fatfs.o
 .debug_frame   0x000037bc       0xc4 ./FATFS/Target/user_diskio.o
 .debug_frame   0x00003880       0xec ./Middlewares/Third_Party/FatFs/src/diskio.o
 .debug_frame   0x0000396c      0xa0c ./Middlewares/Third_Party/FatFs/src/ff.o
 .debug_frame   0x00004378       0xc8 ./Middlewares/Third_Party/FatFs/src/ff_gen_drv.o
 .debug_frame   0x00004440       0x60 ./Middlewares/Third_Party/FatFs/src/option/ccsbcs.o
 .debug_frame   0x000044a0       0x20 C:/ST/STM32CubeIDE_1.18.1/STM32CubeIDE/plugins/com.st.stm32cube.ide.mcu.externaltools.gnu-tools-for-stm32.13.3.rel1.win32_1.0.0.202411081344/tools/bin/../lib/gcc/arm-none-eabi/13.3.1/../../../../arm-none-eabi/lib/thumb/v7e-m+fp/hard\libc_nano.a(libc_a-memset.o)
 .debug_frame   0x000044c0       0x2c C:/ST/STM32CubeIDE_1.18.1/STM32CubeIDE/plugins/com.st.stm32cube.ide.mcu.externaltools.gnu-tools-for-stm32.13.3.rel1.win32_1.0.0.202411081344/tools/bin/../lib/gcc/arm-none-eabi/13.3.1/../../../../arm-none-eabi/lib/thumb/v7e-m+fp/hard\libc_nano.a(libc_a-init.o)
 .debug_frame   0x000044ec       0x2c C:/ST/STM32CubeIDE_1.18.1/STM32CubeIDE/plugins/com.st.stm32cube.ide.mcu.externaltools.gnu-tools-for-stm32.13.3.rel1.win32_1.0.0.202411081344/tools/bin/../lib/gcc/arm-none-eabi/13.3.1/thumb/v7e-m+fp/hard\libgcc.a(_aeabi_uldivmod.o)
 .debug_frame   0x00004518       0x34 C:/ST/STM32CubeIDE_1.18.1/STM32CubeIDE/plugins/com.st.stm32cube.ide.mcu.externaltools.gnu-tools-for-stm32.13.3.rel1.win32_1.0.0.202411081344/tools/bin/../lib/gcc/arm-none-eabi/13.3.1/thumb/v7e-m+fp/hard\libgcc.a(_udivmoddi4.o)

.debug_line_str
                0x00000000       0x7d
 .debug_line_str
                0x00000000       0x7d ./Core/Startup/startup_stm32f446retx.o
